bank00_v2.c
bank80_part00_v2.c
bank80_part01_v2.c
bank80_part02_v2.c
bank80_part03_v2.c
bank80_part04_v2.c
bank80_part05_v2.c
bank80_part06_v2.c
bank80_part07_v2.c
bank80_part08_v2.c
bank80_part112_v2.c
bank80_part114_v2.c
bank80_part117_v2.c
bank80_part11a_v2.c
bank80_part11b_v2.c
bank80_part11c_v2.c
bank80_part11e_v2.c
bank80_part120_v2.c
bank80_part12e_v2.c
bank80_part12f_v2.c
bank80_part139_v2.c
bank80_part13a_v2.c
bank80_part13b_v2.c
bank80_part13c_v2.c
bank80_part13f_v2.c
bank80_part143_v2.c
bank80_part157_v2.c
bank80_part16f_v2.c
bank80_part170_v2.c
bank80_part173_v2.c
bank80_part174_v2.c
bank80_part178_v2.c
bank80_part17b_v2.c
bank80_part17e_v2.c
bank80_part180_v2.c
bank80_part183_v2.c
bank80_part185_v2.c
bank80_part188_v2.c
bank80_part194_v2.c
bank80_part195_v2.c
bank80_part196_v2.c
bank80_part19b_v2.c
bank80_part19c_v2.c
bank80_part1a4_v2.c
bank80_part1ab_v2.c
bank80_part1ac_v2.c
bank80_part1b3_v2.c
bank80_part1ba_v2.c
bank80_part1c0_v2.c
bank80_part1c7_v2.c
bank80_part1c8_v2.c
bank80_part1c9_v2.c
bank80_part1c_v2.c
bank80_part1db_v2.c
bank80_part1dd_v2.c
bank80_part1de_v2.c
bank80_part1e0_v2.c
bank80_part1e1_v2.c
bank80_part1e3_v2.c
bank80_part1f2_v2.c
bank80_part1f4_v2.c
bank80_part1f9_v2.c
bank80_part1fa_v2.c
bank80_part1fb_v2.c
bank80_part1fe_v2.c
bank80_part1ff_v2.c
bank80_part206_v2.c
bank80_part208_v2.c
bank80_part20b_v2.c
bank80_part20d_v2.c
bank80_part20f_v2.c
bank80_part211_v2.c
bank80_part216_v2.c
bank80_part217_v2.c
bank80_part218_v2.c
bank80_part21a_v2.c
bank80_part225_v2.c
bank80_part226_v2.c
bank80_part228_v2.c
bank80_part22a_v2.c
bank80_part22b_v2.c
bank80_part22d_v2.c
bank80_part232_v2.c
bank80_part233_v2.c
bank80_part235_v2.c
bank80_part236_v2.c
bank80_part237_v2.c
bank80_part23c_v2.c
bank80_part23d_v2.c
bank80_part23e_v2.c
bank80_part23f_v2.c
bank80_part241_v2.c
bank80_part243_v2.c
bank80_part245_v2.c
bank80_part246_v2.c
bank80_part249_v2.c
bank80_part24b_v2.c
bank80_part24d_v2.c
bank80_part24f_v2.c
bank80_part252_v2.c
bank80_part254_v2.c
bank80_part258_v2.c
bank80_part259_v2.c
bank80_part25_v2.c
bank80_part25c_v2.c
bank80_part25d_v2.c
bank80_part25f_v2.c
bank80_part260_v2.c
bank80_part269_v2.c
bank80_part26a_v2.c
bank80_part272_v2.c
bank80_part27a_v2.c
bank80_part27e_v2.c
bank80_part27f_v2.c
bank80_part280_v2.c
bank80_part284_v2.c
bank80_part285_v2.c
bank80_part286_v2.c
bank80_part28_v2.c
bank80_part28a_v2.c
bank80_part28d_v2.c
bank80_part291_v2.c
bank80_part292_v2.c
bank80_part29a_v2.c
bank80_part29b_v2.c
bank80_part29c_v2.c
bank80_part29e_v2.c
bank80_part2a0_v2.c
bank80_part2a6_v2.c
bank80_part2a8_v2.c
bank80_part2ac_v2.c
bank80_part2b0_v2.c
bank80_part2b2_v2.c
bank80_part2b3_v2.c
bank80_part2b5_v2.c
bank80_part2b8_v2.c
bank80_part2b9_v2.c
bank80_part2bf_v2.c
bank80_part2c1_v2.c
bank80_part2c4_v2.c
bank80_part2c6_v2.c
bank80_part2c7_v2.c
bank80_part2c9_v2.c
bank80_part2cb_v2.c
bank80_part2d6_v2.c
bank80_part2db_v2.c
bank80_part2de_v2.c
bank80_part2df_v2.c
bank80_part2e_v2.c
bank80_part2f3_v2.c
bank80_part304_v2.c
bank80_part305_v2.c
bank80_part307_v2.c
bank80_part309_v2.c
bank80_part318_v2.c
bank80_part328_v2.c
bank80_part353_v2.c
bank80_part37f_v2.c
bank80_part38a_v2.c
bank80_part38c_v2.c
bank80_part38d_v2.c
bank80_part392_v2.c
bank80_part396_v2.c
bank80_part398_v2.c
bank80_part39a_v2.c
bank80_part39c_v2.c
bank80_part3ad_v2.c
bank80_part3b9_v2.c
bank80_part3ba_v2.c
bank80_part3bc_v2.c
bank80_part3bf_v2.c
bank80_part3c0_v2.c
bank80_part3c5_v2.c
bank80_part3c7_v2.c
bank80_part3c9_v2.c
bank80_part3d0_v2.c
bank80_part3d4_v2.c
bank80_part3d5_v2.c
bank80_part3d9_v2.c
bank80_part3dd_v2.c
bank80_part3f0_v2.c
bank80_part3f4_v2.c
bank80_part3fd_v2.c
bank80_part400_v2.c
bank80_part401_v2.c
bank80_part404_v2.c
bank80_part40b_v2.c
bank80_part40c_v2.c
bank80_part40d_v2.c
bank80_part40e_v2.c
bank80_part41_v2.c
bank80_part4a4_v2.c
bank80_part4e_v2.c
bank80_part50_v2.c
bank80_part65_v2.c
bank80_part79_v2.c
bank80_part7e_v2.c
bank80_part82_v2.c
bank80_part98_v2.c
bank80_part99_v2.c
bank80_part9c_v2.c
bank80_partb0_v2.c
bank80_partb2_v2.c
bank80_partb9_v2.c
bank80_partc4_v2.c
bank80_partc6_v2.c
bank80_partc7_v2.c
bank80_partcb_v2.c
bank80_partce_v2.c
bank80_partdf_v2.c
bank80_parte2_v2.c
bank80_partea_v2.c
bank80_parteb_v2.c
bankac_v2.c
bankb2_part00_v2.c
bankb2_part01_v2.c
bankb2_part02_v2.c
bankb2_part103_v2.c
bankb2_part105_v2.c
bankb2_part10_v2.c
bankb2_part10a_v2.c
bankb2_part10f_v2.c
bankb2_part116_v2.c
bankb2_part11d_v2.c
bankb2_part12b_v2.c
bankb2_part12e_v2.c
bankb2_part130_v2.c
bankb2_part132_v2.c
bankb2_part135_v2.c
bankb2_part14d_v2.c
bankb2_part180_v2.c
bankb2_part181_v2.c
bankb2_part188_v2.c
bankb2_part1ba_v2.c
bankb2_part1bc_v2.c
bankb2_part1c1_v2.c
bankb2_part1c5_v2.c
bankb2_part1c8_v2.c
bankb2_part1cb_v2.c
bankb2_part1ce_v2.c
bankb2_part1d0_v2.c
bankb2_part1d1_v2.c
bankb2_part1d5_v2.c
bankb2_part1d6_v2.c
bankb2_part1e9_v2.c
bankb2_part1ef_v2.c
bankb2_part1f1_v2.c
bankb2_part1f4_v2.c
bankb2_part1f6_v2.c
bankb2_part1f7_v2.c
bankb2_part1f9_v2.c
bankb2_part1fd_v2.c
bankb2_part202_v2.c
bankb2_part206_v2.c
bankb2_part20_v2.c
bankb2_part20c_v2.c
bankb2_part20d_v2.c
bankb2_part20e_v2.c
bankb2_part20f_v2.c
bankb2_part210_v2.c
bankb2_part25_v2.c
bankb2_part27_v2.c
bankb2_part2b_v2.c
bankb2_part2c_v2.c
bankb2_part2e_v2.c
bankb2_part2f_v2.c
bankb2_part312_v2.c
bankb2_part313_v2.c
bankb2_part318_v2.c
bankb2_part319_v2.c
bankb2_part31b_v2.c
bankb2_part31c_v2.c
bankb2_part31f_v2.c
bankb2_part322_v2.c
bankb2_part325_v2.c
bankb2_part32_v2.c
bankb2_part32b_v2.c
bankb2_part330_v2.c
bankb2_part334_v2.c
bankb2_part337_v2.c
bankb2_part339_v2.c
bankb2_part33d_v2.c
bankb2_part340_v2.c
bankb2_part347_v2.c
bankb2_part34_v2.c
bankb2_part350_v2.c
bankb2_part355_v2.c
bankb2_part35c_v2.c
bankb2_part364_v2.c
bankb2_part36a_v2.c
bankb2_part36d_v2.c
bankb2_part36e_v2.c
bankb2_part371_v2.c
bankb2_part37f_v2.c
bankb2_part381_v2.c
bankb2_part385_v2.c
bankb2_part386_v2.c
bankb2_part38d_v2.c
bankb2_part38f_v2.c
bankb2_part393_v2.c
bankb2_part394_v2.c
bankb2_part39a_v2.c
bankb2_part39e_v2.c
bankb2_part3a4_v2.c
bankb2_part3aa_v2.c
bankb2_part3ae_v2.c
bankb2_part3b6_v2.c
bankb2_part3ba_v2.c
bankb2_part3c3_v2.c
bankb2_part3c5_v2.c
bankb2_part3c8_v2.c
bankb2_part3d7_v2.c
bankb2_part3dc_v2.c
bankb2_part3dd_v2.c
bankb2_part3df_v2.c
bankb2_part3e0_v2.c
bankb2_part3e2_v2.c
bankb2_part3e7_v2.c
bankb2_part3ee_v2.c
bankb2_part3f2_v2.c
bankb2_part3f5_v2.c
bankb2_part3f9_v2.c
bankb2_part3fc_v2.c
bankb2_part3fd_v2.c
bankb2_part3fe_v2.c
bankb2_part401_v2.c
bankb2_part402_v2.c
bankb2_part403_v2.c
bankb2_part408_v2.c
bankb2_part40e_v2.c
bankb2_part411_v2.c
bankb2_part413_v2.c
bankb2_part416_v2.c
bankb2_part418_v2.c
bankb2_part41a_v2.c
bankb2_part41f_v2.c
bankb2_part422_v2.c
bankb2_part425_v2.c
bankb2_part429_v2.c
bankb2_part42f_v2.c
bankb2_part431_v2.c
bankb2_part432_v2.c
bankb2_part433_v2.c
bankb2_part436_v2.c
bankb2_part43d_v2.c
bankb2_part43e_v2.c
bankb2_part440_v2.c
bankb2_part443_v2.c
bankb2_part445_v2.c
bankb2_part44e_v2.c
bankb2_part450_v2.c
bankb2_part451_v2.c
bankb2_part454_v2.c
bankb2_part455_v2.c
bankb2_part456_v2.c
bankb2_part45c_v2.c
bankb2_part468_v2.c
bankb2_part46_v2.c
bankb2_part46a_v2.c
bankb2_part46b_v2.c
bankb2_part46d_v2.c
bankb2_part46e_v2.c
bankb2_part470_v2.c
bankb2_part473_v2.c
bankb2_part475_v2.c
bankb2_part47_v2.c
bankb2_part47a_v2.c
bankb2_part48_v2.c
bankb2_part493_v2.c
bankb2_part498_v2.c
bankb2_part499_v2.c
bankb2_part4a1_v2.c
bankb2_part4a2_v2.c
bankb2_part4a5_v2.c
bankb2_part4ac_v2.c
bankb2_part4b3_v2.c
bankb2_part4b5_v2.c
bankb2_part4b7_v2.c
bankb2_part4b8_v2.c
bankb2_part4bd_v2.c
bankb2_part4c0_v2.c
bankb2_part4c6_v2.c
bankb2_part4c_v2.c
bankb2_part4cd_v2.c
bankb2_part4d_v2.c
bankb2_part4de_v2.c
bankb2_part4df_v2.c
bankb2_part4e2_v2.c
bankb2_part4e6_v2.c
bankb2_part4e9_v2.c
bankb2_part4f6_v2.c
bankb2_part4fb_v2.c
bankb2_part4fe_v2.c
bankb2_part500_v2.c
bankb2_part504_v2.c
bankb2_part509_v2.c
bankb2_part50e_v2.c
bankb2_part512_v2.c
bankb2_part51c_v2.c
bankb2_part51d_v2.c
bankb2_part51e_v2.c
bankb2_part51f_v2.c
bankb2_part521_v2.c
bankb2_part524_v2.c
bankb2_part528_v2.c
bankb2_part52_v2.c
bankb2_part52c_v2.c
bankb2_part52f_v2.c
bankb2_part530_v2.c
bankb2_part532_v2.c
bankb2_part536_v2.c
bankb2_part537_v2.c
bankb2_part53d_v2.c
bankb2_part53f_v2.c
bankb2_part541_v2.c
bankb2_part542_v2.c
bankb2_part543_v2.c
bankb2_part549_v2.c
bankb2_part54d_v2.c
bankb2_part550_v2.c
bankb2_part551_v2.c
bankb2_part552_v2.c
bankb2_part553_v2.c
bankb2_part555_v2.c
bankb2_part557_v2.c
bankb2_part55d_v2.c
bankb2_part55e_v2.c
bankb2_part55f_v2.c
bankb2_part560_v2.c
bankb2_part562_v2.c
bankb2_part563_v2.c
bankb2_part565_v2.c
bankb2_part567_v2.c
bankb2_part56c_v2.c
bankb2_part56d_v2.c
bankb2_part56f_v2.c
bankb2_part570_v2.c
bankb2_part571_v2.c
bankb2_part572_v2.c
bankb2_part573_v2.c
bankb2_part578_v2.c
bankb2_part57c_v2.c
bankb2_part582_v2.c
bankb2_part587_v2.c
bankb2_part588_v2.c
bankb2_part589_v2.c
bankb2_part58a_v2.c
bankb2_part58c_v2.c
bankb2_part58f_v2.c
bankb2_part590_v2.c
bankb2_part591_v2.c
bankb2_part593_v2.c
bankb2_part594_v2.c
bankb2_part597_v2.c
bankb2_part59b_v2.c
bankb2_part59f_v2.c
bankb2_part5a0_v2.c
bankb2_part5a7_v2.c
bankb2_part5af_v2.c
bankb2_part5b0_v2.c
bankb2_part5b5_v2.c
bankb2_part5b6_v2.c
bankb2_part5ba_v2.c
bankb2_part5bb_v2.c
bankb2_part5bc_v2.c
bankb2_part5be_v2.c
bankb2_part5bf_v2.c
bankb2_part5c1_v2.c
bankb2_part5c2_v2.c
bankb2_part5c8_v2.c
bankb2_part5c9_v2.c
bankb2_part5cb_v2.c
bankb2_part5d1_v2.c
bankb2_part5d3_v2.c
bankb2_part5d9_v2.c
bankb2_part5e4_v2.c
bankb2_part5e9_v2.c
bankb2_part5f0_v2.c
bankb2_part5f5_v2.c
bankb2_part5f8_v2.c
bankb2_part5f9_v2.c
bankb2_part5fe_v2.c
bankb2_part600_v2.c
bankb2_part603_v2.c
bankb2_part607_v2.c
bankb2_part608_v2.c
bankb2_part60_v2.c
bankb2_part60f_v2.c
bankb2_part610_v2.c
bankb2_part612_v2.c
bankb2_part619_v2.c
bankb2_part61_v2.c
bankb2_part61b_v2.c
bankb2_part61e_v2.c
bankb2_part626_v2.c
bankb2_part62a_v2.c
bankb2_part62d_v2.c
bankb2_part632_v2.c
bankb2_part635_v2.c
bankb2_part636_v2.c
bankb2_part638_v2.c
bankb2_part63b_v2.c
bankb2_part63c_v2.c
bankb2_part63d_v2.c
bankb2_part63e_v2.c
bankb2_part63f_v2.c
bankb2_part641_v2.c
bankb2_part642_v2.c
bankb2_part643_v2.c
bankb2_part649_v2.c
bankb2_part64d_v2.c
bankb2_part650_v2.c
bankb2_part653_v2.c
bankb2_part655_v2.c
bankb2_part65a_v2.c
bankb2_part65b_v2.c
bankb2_part65c_v2.c
bankb2_part65e_v2.c
bankb2_part65f_v2.c
bankb2_part663_v2.c
bankb2_part664_v2.c
bankb2_part665_v2.c
bankb2_part666_v2.c
bankb2_part669_v2.c
bankb2_part66a_v2.c
bankb2_part66b_v2.c
bankb2_part66c_v2.c
bankb2_part66e_v2.c
bankb2_part670_v2.c
bankb2_part675_v2.c
bankb2_part677_v2.c
bankb2_part678_v2.c
bankb2_part67b_v2.c
bankb2_part67e_v2.c
bankb2_part680_v2.c
bankb2_part681_v2.c
bankb2_part682_v2.c
bankb2_part685_v2.c
bankb2_part688_v2.c
bankb2_part689_v2.c
bankb2_part68a_v2.c
bankb2_part68b_v2.c
bankb2_part68e_v2.c
bankb2_part68f_v2.c
bankb2_part690_v2.c
bankb2_part692_v2.c
bankb2_part693_v2.c
bankb2_part699_v2.c
bankb2_part69a_v2.c
bankb2_part69b_v2.c
bankb2_part69c_v2.c
bankb2_part69f_v2.c
bankb2_part6a0_v2.c
bankb2_part6a1_v2.c
bankb2_part6a2_v2.c
bankb2_part6a4_v2.c
bankb2_part6ab_v2.c
bankb2_part6ac_v2.c
bankb2_part6ad_v2.c
bankb2_part6b1_v2.c
bankb2_part6b3_v2.c
bankb2_part6b7_v2.c
bankb2_part6b8_v2.c
bankb2_part6ba_v2.c
bankb2_part6bb_v2.c
bankb2_part6bd_v2.c
bankb2_part6bf_v2.c
bankb2_part6c3_v2.c
bankb2_part6c4_v2.c
bankb2_part6c5_v2.c
bankb2_part6c6_v2.c
bankb2_part6c7_v2.c
bankb2_part6ca_v2.c
bankb2_part6cb_v2.c
bankb2_part6cc_v2.c
bankb2_part6cd_v2.c
bankb2_part6ce_v2.c
bankb2_part6cf_v2.c
bankb2_part6d0_v2.c
bankb2_part6d2_v2.c
bankb2_part6d3_v2.c
bankb2_part6d4_v2.c
bankb2_part6d7_v2.c
bankb2_part6d9_v2.c
bankb2_part6da_v2.c
bankb2_part6db_v2.c
bankb2_part6dd_v2.c
bankb2_part6e2_v2.c
bankb2_part6e3_v2.c
bankb2_part6e6_v2.c
bankb2_part6e7_v2.c
bankb2_part6e8_v2.c
bankb2_part6ec_v2.c
bankb2_part6f6_v2.c
bankb2_part6f7_v2.c
bankb2_part6fa_v2.c
bankb2_part6fb_v2.c
bankb2_part6fd_v2.c
bankb2_part6fe_v2.c
bankb2_part701_v2.c
bankb2_part706_v2.c
bankb2_part70e_v2.c
bankb2_part718_v2.c
bankb2_part71a_v2.c
bankb2_part71e_v2.c
bankb2_part71f_v2.c
bankb2_part724_v2.c
bankb2_part727_v2.c
bankb2_part732_v2.c
bankb2_part733_v2.c
bankb2_part739_v2.c
bankb2_part73b_v2.c
bankb2_part73c_v2.c
bankb2_part73e_v2.c
bankb2_part73f_v2.c
bankb2_part742_v2.c
bankb2_part744_v2.c
bankb2_part747_v2.c
bankb2_part74f_v2.c
bankb2_part752_v2.c
bankb2_part753_v2.c
bankb2_part755_v2.c
bankb2_part758_v2.c
bankb2_part75b_v2.c
bankb2_part760_v2.c
bankb2_part764_v2.c
bankb2_part769_v2.c
bankb2_part76b_v2.c
bankb2_part76e_v2.c
bankb2_part76f_v2.c
bankb2_part770_v2.c
bankb2_part776_v2.c
bankb2_part779_v2.c
bankb2_part77b_v2.c
bankb2_part77c_v2.c
bankb2_part781_v2.c
bankb2_part784_v2.c
bankb2_part788_v2.c
bankb2_part789_v2.c
bankb2_part78c_v2.c
bankb2_part78f_v2.c
bankb2_part791_v2.c
bankb2_part793_v2.c
bankb2_part795_v2.c
bankb2_part79a_v2.c
bankb2_part79b_v2.c
bankb2_part79d_v2.c
bankb2_part79e_v2.c
bankb2_part79f_v2.c
bankb2_part7a0_v2.c
bankb2_part7a4_v2.c
bankb2_part7a5_v2.c
bankb2_part7a6_v2.c
bankb2_part7a8_v2.c
bankb2_part7aa_v2.c
bankb2_part7ad_v2.c
bankb2_part7b1_v2.c
bankb2_part7b3_v2.c
bankb2_part7b6_v2.c
bankb2_part7b9_v2.c
bankb2_part7bd_v2.c
bankb2_part80_v2.c
bankb2_part83_v2.c
bankb2_part87_v2.c
bankb2_part88_v2.c
bankb2_part8a_v2.c
bankb2_part9b_v2.c
bankb2_part9d_v2.c
bankb2_partcf_v2.c
bankb2_partd8_v2.c
bankb2_parteb_v2.c
bankb2_partf5_v2.c
bankb2_partfc_v2.c
bankb2_partfd_v2.c
bankb3_part00_v2.c
bankb3_part09_v2.c
bankb3_part0f_v2.c
bankb3_part10_v2.c
bankb3_part135_v2.c
bankb3_part139_v2.c
bankb3_part13_v2.c
bankb3_part152_v2.c
bankb3_part15_v2.c
bankb3_part163_v2.c
bankb3_part174_v2.c
bankb3_part178_v2.c
bankb3_part17a_v2.c
bankb3_part181_v2.c
bankb3_part186_v2.c
bankb3_part1ba_v2.c
bankb3_part1be_v2.c
bankb3_part1da_v2.c
bankb3_part1e4_v2.c
bankb3_part1e6_v2.c
bankb3_part1eb_v2.c
bankb3_part1f1_v2.c
bankb3_part20a_v2.c
bankb3_part223_v2.c
bankb3_part23a_v2.c
bankb3_part23b_v2.c
bankb3_part23e_v2.c
bankb3_part25_v2.c
bankb3_part267_v2.c
bankb3_part26c_v2.c
bankb3_part26f_v2.c
bankb3_part28e_v2.c
bankb3_part2c9_v2.c
bankb3_part2cc_v2.c
bankb3_part2cf_v2.c
bankb3_part2e_v2.c
bankb3_part322_v2.c
bankb3_part325_v2.c
bankb3_part328_v2.c
bankb3_part32b_v2.c
bankb3_part32e_v2.c
bankb3_part331_v2.c
bankb3_part334_v2.c
bankb3_part336_v2.c
bankb3_part340_v2.c
bankb3_part342_v2.c
bankb3_part355_v2.c
bankb3_part358_v2.c
bankb3_part35_v2.c
bankb3_part36d_v2.c
bankb3_part379_v2.c
bankb3_part393_v2.c
bankb3_part397_v2.c
bankb3_part3c4_v2.c
bankb3_part3c7_v2.c
bankb3_part3f8_v2.c
bankb3_part3f_v2.c
bankb3_part3fb_v2.c
bankb3_part40f_v2.c
bankb3_part41f_v2.c
bankb3_part423_v2.c
bankb3_part424_v2.c
bankb3_part426_v2.c
bankb3_part428_v2.c
bankb3_part42c_v2.c
bankb3_part437_v2.c
bankb3_part438_v2.c
bankb3_part439_v2.c
bankb3_part43b_v2.c
bankb3_part43e_v2.c
bankb3_part441_v2.c
bankb3_part444_v2.c
bankb3_part448_v2.c
bankb3_part44b_v2.c
bankb3_part44e_v2.c
bankb3_part463_v2.c
bankb3_part466_v2.c
bankb3_part471_v2.c
bankb3_part4ad_v2.c
bankb3_part4b2_v2.c
bankb3_part4b4_v2.c
bankb3_part4b7_v2.c
bankb3_part4b_v2.c
bankb3_part4bf_v2.c
bankb3_part4eb_v2.c
bankb3_part4f2_v2.c
bankb3_part4f3_v2.c
bankb3_part4f8_v2.c
bankb3_part4fb_v2.c
bankb3_part517_v2.c
bankb3_part51a_v2.c
bankb3_part51d_v2.c
bankb3_part523_v2.c
bankb3_part525_v2.c
bankb3_part52_v2.c
bankb3_part530_v2.c
bankb3_part53_v2.c
bankb3_part555_v2.c
bankb3_part557_v2.c
bankb3_part55b_v2.c
bankb3_part55d_v2.c
bankb3_part575_v2.c
bankb3_part580_v2.c
bankb3_part582_v2.c
bankb3_part584_v2.c
bankb3_part58_v2.c
bankb3_part590_v2.c
bankb3_part591_v2.c
bankb3_part598_v2.c
bankb3_part59e_v2.c
bankb3_part59f_v2.c
bankb3_part5aa_v2.c
bankb3_part5ab_v2.c
bankb3_part5ac_v2.c
bankb3_part5ad_v2.c
bankb3_part5b6_v2.c
bankb3_part5b9_v2.c
bankb3_part5bc_v2.c
bankb3_part5c4_v2.c
bankb3_part5c6_v2.c
bankb3_part5c8_v2.c
bankb3_part5c9_v2.c
bankb3_part5d2_v2.c
bankb3_part5d5_v2.c
bankb3_part5e8_v2.c
bankb3_part5e_v2.c
bankb3_part5eb_v2.c
bankb3_part5ec_v2.c
bankb3_part5ef_v2.c
bankb3_part5f2_v2.c
bankb3_part5f4_v2.c
bankb3_part5f6_v2.c
bankb3_part5f7_v2.c
bankb3_part5f9_v2.c
bankb3_part5ff_v2.c
bankb3_part601_v2.c
bankb3_part604_v2.c
bankb3_part607_v2.c
bankb3_part609_v2.c
bankb3_part60_v2.c
bankb3_part60c_v2.c
bankb3_part60e_v2.c
bankb3_part613_v2.c
bankb3_part61a_v2.c
bankb3_part623_v2.c
bankb3_part65a_v2.c
bankb3_part674_v2.c
bankb3_part683_v2.c
bankb3_part684_v2.c
bankb3_part6a0_v2.c
bankb3_part6a7_v2.c
bankb3_part6ac_v2.c
bankb3_part6ae_v2.c
bankb3_part6cb_v2.c
bankb3_part6ec_v2.c
bankb3_part6fa_v2.c
bankb3_part707_v2.c
bankb3_part71a_v2.c
bankb3_part780_v2.c
bankb3_part792_v2.c
bankb3_partef_v2.c
bankb4_part00_v2.c
bankb4_part01_v2.c
bankb4_part02_v2.c
bankb4_part101_v2.c
bankb4_part10_v2.c
bankb4_part10b_v2.c
bankb4_part10c_v2.c
bankb4_part10d_v2.c
bankb4_part10f_v2.c
bankb4_part110_v2.c
bankb4_part111_v2.c
bankb4_part114_v2.c
bankb4_part116_v2.c
bankb4_part118_v2.c
bankb4_part119_v2.c
bankb4_part11b_v2.c
bankb4_part11c_v2.c
bankb4_part11d_v2.c
bankb4_part11e_v2.c
bankb4_part11f_v2.c
bankb4_part120_v2.c
bankb4_part123_v2.c
bankb4_part126_v2.c
bankb4_part128_v2.c
bankb4_part12b_v2.c
bankb4_part12c_v2.c
bankb4_part12e_v2.c
bankb4_part12f_v2.c
bankb4_part132_v2.c
bankb4_part135_v2.c
bankb4_part137_v2.c
bankb4_part138_v2.c
bankb4_part139_v2.c
bankb4_part13_v2.c
bankb4_part13b_v2.c
bankb4_part13c_v2.c
bankb4_part13d_v2.c
bankb4_part13e_v2.c
bankb4_part13f_v2.c
bankb4_part140_v2.c
bankb4_part145_v2.c
bankb4_part148_v2.c
bankb4_part14a_v2.c
bankb4_part14b_v2.c
bankb4_part14c_v2.c
bankb4_part14e_v2.c
bankb4_part14f_v2.c
bankb4_part150_v2.c
bankb4_part152_v2.c
bankb4_part153_v2.c
bankb4_part154_v2.c
bankb4_part155_v2.c
bankb4_part156_v2.c
bankb4_part159_v2.c
bankb4_part15d_v2.c
bankb4_part15e_v2.c
bankb4_part160_v2.c
bankb4_part161_v2.c
bankb4_part164_v2.c
bankb4_part167_v2.c
bankb4_part168_v2.c
bankb4_part169_v2.c
bankb4_part16a_v2.c
bankb4_part16b_v2.c
bankb4_part16d_v2.c
bankb4_part16e_v2.c
bankb4_part170_v2.c
bankb4_part17e_v2.c
bankb4_part182_v2.c
bankb4_part185_v2.c
bankb4_part18b_v2.c
bankb4_part18c_v2.c
bankb4_part18f_v2.c
bankb4_part193_v2.c
bankb4_part1a1_v2.c
bankb4_part1a4_v2.c
bankb4_part1b3_v2.c
bankb4_part1b9_v2.c
bankb4_part1bf_v2.c
bankb4_part1c0_v2.c
bankb4_part1ca_v2.c
bankb4_part1cd_v2.c
bankb4_part1d5_v2.c
bankb4_part1db_v2.c
bankb4_part1df_v2.c
bankb4_part1ed_v2.c
bankb4_part1f4_v2.c
bankb4_part1f6_v2.c
bankb4_part1fa_v2.c
bankb4_part1ff_v2.c
bankb4_part201_v2.c
bankb4_part206_v2.c
bankb4_part20a_v2.c
bankb4_part20c_v2.c
bankb4_part20e_v2.c
bankb4_part215_v2.c
bankb4_part219_v2.c
bankb4_part22c_v2.c
bankb4_part234_v2.c
bankb4_part23d_v2.c
bankb4_part23f_v2.c
bankb4_part241_v2.c
bankb4_part249_v2.c
bankb4_part24b_v2.c
bankb4_part24d_v2.c
bankb4_part250_v2.c
bankb4_part251_v2.c
bankb4_part254_v2.c
bankb4_part258_v2.c
bankb4_part25a_v2.c
bankb4_part25f_v2.c
bankb4_part262_v2.c
bankb4_part265_v2.c
bankb4_part26b_v2.c
bankb4_part26c_v2.c
bankb4_part26d_v2.c
bankb4_part27_v2.c
bankb4_part27c_v2.c
bankb4_part27f_v2.c
bankb4_part280_v2.c
bankb4_part281_v2.c
bankb4_part282_v2.c
bankb4_part285_v2.c
bankb4_part288_v2.c
bankb4_part289_v2.c
bankb4_part28c_v2.c
bankb4_part28f_v2.c
bankb4_part29f_v2.c
bankb4_part2b1_v2.c
bankb4_part2b2_v2.c
bankb4_part2b4_v2.c
bankb4_part2d3_v2.c
bankb4_part2d4_v2.c
bankb4_part2d5_v2.c
bankb4_part2d8_v2.c
bankb4_part2d_v2.c
bankb4_part2ee_v2.c
bankb4_part2ef_v2.c
bankb4_part2f5_v2.c
bankb4_part2f9_v2.c
bankb4_part300_v2.c
bankb4_part304_v2.c
bankb4_part306_v2.c
bankb4_part339_v2.c
bankb4_part33_v2.c
bankb4_part33b_v2.c
bankb4_part33d_v2.c
bankb4_part344_v2.c
bankb4_part347_v2.c
bankb4_part34a_v2.c
bankb4_part34d_v2.c
bankb4_part34e_v2.c
bankb4_part352_v2.c
bankb4_part359_v2.c
bankb4_part35c_v2.c
bankb4_part360_v2.c
bankb4_part364_v2.c
bankb4_part367_v2.c
bankb4_part36a_v2.c
bankb4_part372_v2.c
bankb4_part373_v2.c
bankb4_part375_v2.c
bankb4_part377_v2.c
bankb4_part378_v2.c
bankb4_part37a_v2.c
bankb4_part37e_v2.c
bankb4_part37f_v2.c
bankb4_part380_v2.c
bankb4_part382_v2.c
bankb4_part385_v2.c
bankb4_part387_v2.c
bankb4_part389_v2.c
bankb4_part390_v2.c
bankb4_part397_v2.c
bankb4_part39_v2.c
bankb4_part39d_v2.c
bankb4_part39f_v2.c
bankb4_part3a6_v2.c
bankb4_part3aa_v2.c
bankb4_part3ac_v2.c
bankb4_part3bb_v2.c
bankb4_part3bd_v2.c
bankb4_part3bf_v2.c
bankb4_part3c1_v2.c
bankb4_part3c_v2.c
bankb4_part3cc_v2.c
bankb4_part3ce_v2.c
bankb4_part3d1_v2.c
bankb4_part3d4_v2.c
bankb4_part3e9_v2.c
bankb4_part3eb_v2.c
bankb4_part3f2_v2.c
bankb4_part3f_v2.c
bankb4_part3fa_v2.c
bankb4_part406_v2.c
bankb4_part40d_v2.c
bankb4_part40e_v2.c
bankb4_part410_v2.c
bankb4_part416_v2.c
bankb4_part426_v2.c
bankb4_part42e_v2.c
bankb4_part42f_v2.c
bankb4_part43a_v2.c
bankb4_part43e_v2.c
bankb4_part444_v2.c
bankb4_part446_v2.c
bankb4_part44c_v2.c
bankb4_part454_v2.c
bankb4_part45_v2.c
bankb4_part469_v2.c
bankb4_part46c_v2.c
bankb4_part46e_v2.c
bankb4_part46f_v2.c
bankb4_part473_v2.c
bankb4_part47c_v2.c
bankb4_part47d_v2.c
bankb4_part480_v2.c
bankb4_part481_v2.c
bankb4_part488_v2.c
bankb4_part48d_v2.c
bankb4_part48e_v2.c
bankb4_part48f_v2.c
bankb4_part490_v2.c
bankb4_part493_v2.c
bankb4_part49_v2.c
bankb4_part49d_v2.c
bankb4_part4a7_v2.c
bankb4_part4a8_v2.c
bankb4_part4af_v2.c
bankb4_part4b0_v2.c
bankb4_part4b1_v2.c
bankb4_part4b2_v2.c
bankb4_part4c3_v2.c
bankb4_part4c4_v2.c
bankb4_part4c5_v2.c
bankb4_part4cb_v2.c
bankb4_part4d0_v2.c
bankb4_part4d9_v2.c
bankb4_part4dc_v2.c
bankb4_part4dd_v2.c
bankb4_part4e0_v2.c
bankb4_part4e3_v2.c
bankb4_part4eb_v2.c
bankb4_part5d_v2.c
bankb4_part60_v2.c
bankb4_part63_v2.c
bankb4_part66_v2.c
bankb4_part6a_v2.c
bankb4_part6b_v2.c
bankb4_part6e_v2.c
bankb4_part70_v2.c
bankb4_part74_v2.c
bankb4_part8d_v2.c
bankb4_part93_v2.c
bankb4_part98_v2.c
bankb4_part9c_v2.c
bankb4_partaa_v2.c
bankb4_partad_v2.c
bankb4_partae_v2.c
bankb4_partaf_v2.c
bankb4_partb3_v2.c
bankb4_partbc_v2.c
bankb4_partc4_v2.c
bankb4_partc6_v2.c
bankb4_partcb_v2.c
bankb4_partcd_v2.c
bankb4_partcf_v2.c
bankb4_partd0_v2.c
bankb4_partd3_v2.c
bankb4_partd5_v2.c
bankb4_partd8_v2.c
bankb4_parte6_v2.c
bankb4_parteb_v2.c
bankb4_partf1_v2.c
bankb4_partf5_v2.c
bankb4_partfc_v2.c
bankb4_partfd_v2.c
bankb4_partfe_v2.c
bankb4_partff_v2.c
bankb5_part00_v2.c
bankb5_part01_v2.c
bankb5_part02_v2.c
bankb5_part03_v2.c
bankb5_part04_v2.c
bankb5_part100_v2.c
bankb5_part107_v2.c
bankb5_part108_v2.c
bankb5_part10a_v2.c
bankb5_part10d_v2.c
bankb5_part10e_v2.c
bankb5_part10f_v2.c
bankb5_part111_v2.c
bankb5_part112_v2.c
bankb5_part114_v2.c
bankb5_part11c_v2.c
bankb5_part11e_v2.c
bankb5_part120_v2.c
bankb5_part123_v2.c
bankb5_part127_v2.c
bankb5_part12_v2.c
bankb5_part12e_v2.c
bankb5_part132_v2.c
bankb5_part134_v2.c
bankb5_part13a_v2.c
bankb5_part13b_v2.c
bankb5_part13e_v2.c
bankb5_part142_v2.c
bankb5_part145_v2.c
bankb5_part14a_v2.c
bankb5_part14b_v2.c
bankb5_part14c_v2.c
bankb5_part152_v2.c
bankb5_part161_v2.c
bankb5_part164_v2.c
bankb5_part165_v2.c
bankb5_part167_v2.c
bankb5_part169_v2.c
bankb5_part16a_v2.c
bankb5_part16d_v2.c
bankb5_part177_v2.c
bankb5_part17_v2.c
bankb5_part17e_v2.c
bankb5_part181_v2.c
bankb5_part183_v2.c
bankb5_part188_v2.c
bankb5_part18a_v2.c
bankb5_part18b_v2.c
bankb5_part18c_v2.c
bankb5_part190_v2.c
bankb5_part194_v2.c
bankb5_part196_v2.c
bankb5_part1ac_v2.c
bankb5_part1af_v2.c
bankb5_part1b0_v2.c
bankb5_part1b7_v2.c
bankb5_part1b8_v2.c
bankb5_part1ba_v2.c
bankb5_part1bb_v2.c
bankb5_part1bc_v2.c
bankb5_part1be_v2.c
bankb5_part1c0_v2.c
bankb5_part1c1_v2.c
bankb5_part1c4_v2.c
bankb5_part1c8_v2.c
bankb5_part1cd_v2.c
bankb5_part1cf_v2.c
bankb5_part1d1_v2.c
bankb5_part1d9_v2.c
bankb5_part1e8_v2.c
bankb5_part1e_v2.c
bankb5_part1ea_v2.c
bankb5_part1f0_v2.c
bankb5_part1f2_v2.c
bankb5_part1f5_v2.c
bankb5_part1f7_v2.c
bankb5_part1f8_v2.c
bankb5_part1f9_v2.c
bankb5_part1fa_v2.c
bankb5_part1fe_v2.c
bankb5_part1ff_v2.c
bankb5_part202_v2.c
bankb5_part207_v2.c
bankb5_part208_v2.c
bankb5_part20a_v2.c
bankb5_part20b_v2.c
bankb5_part20f_v2.c
bankb5_part211_v2.c
bankb5_part212_v2.c
bankb5_part215_v2.c
bankb5_part217_v2.c
bankb5_part218_v2.c
bankb5_part219_v2.c
bankb5_part21a_v2.c
bankb5_part21b_v2.c
bankb5_part21d_v2.c
bankb5_part21e_v2.c
bankb5_part21f_v2.c
bankb5_part221_v2.c
bankb5_part227_v2.c
bankb5_part229_v2.c
bankb5_part22a_v2.c
bankb5_part22c_v2.c
bankb5_part22e_v2.c
bankb5_part234_v2.c
bankb5_part235_v2.c
bankb5_part238_v2.c
bankb5_part23_v2.c
bankb5_part24_v2.c
bankb5_part251_v2.c
bankb5_part255_v2.c
bankb5_part25e_v2.c
bankb5_part260_v2.c
bankb5_part263_v2.c
bankb5_part267_v2.c
bankb5_part26d_v2.c
bankb5_part271_v2.c
bankb5_part272_v2.c
bankb5_part273_v2.c
bankb5_part275_v2.c
bankb5_part278_v2.c
bankb5_part27d_v2.c
bankb5_part27f_v2.c
bankb5_part280_v2.c
bankb5_part283_v2.c
bankb5_part284_v2.c
bankb5_part286_v2.c
bankb5_part28_v2.c
bankb5_part28c_v2.c
bankb5_part28d_v2.c
bankb5_part290_v2.c
bankb5_part292_v2.c
bankb5_part295_v2.c
bankb5_part297_v2.c
bankb5_part299_v2.c
bankb5_part29_v2.c
bankb5_part2a3_v2.c
bankb5_part2a4_v2.c
bankb5_part2a8_v2.c
bankb5_part2a9_v2.c
bankb5_part2ac_v2.c
bankb5_part2ad_v2.c
bankb5_part2ae_v2.c
bankb5_part2b1_v2.c
bankb5_part2b2_v2.c
bankb5_part2c_v2.c
bankb5_part2cb_v2.c
bankb5_part2cd_v2.c
bankb5_part2cf_v2.c
bankb5_part2d0_v2.c
bankb5_part2d3_v2.c
bankb5_part2d5_v2.c
bankb5_part2d6_v2.c
bankb5_part2d7_v2.c
bankb5_part2d8_v2.c
bankb5_part2d9_v2.c
bankb5_part2d_v2.c
bankb5_part2da_v2.c
bankb5_part2db_v2.c
bankb5_part2de_v2.c
bankb5_part2df_v2.c
bankb5_part2e1_v2.c
bankb5_part2e3_v2.c
bankb5_part2e7_v2.c
bankb5_part2e_v2.c
bankb5_part2f_v2.c
bankb5_part2fb_v2.c
bankb5_part2fc_v2.c
bankb5_part2ff_v2.c
bankb5_part304_v2.c
bankb5_part312_v2.c
bankb5_part314_v2.c
bankb5_part315_v2.c
bankb5_part316_v2.c
bankb5_part319_v2.c
bankb5_part31_v2.c
bankb5_part31a_v2.c
bankb5_part31e_v2.c
bankb5_part321_v2.c
bankb5_part322_v2.c
bankb5_part328_v2.c
bankb5_part329_v2.c
bankb5_part332_v2.c
bankb5_part33_v2.c
bankb5_part33c_v2.c
bankb5_part33d_v2.c
bankb5_part342_v2.c
bankb5_part343_v2.c
bankb5_part344_v2.c
bankb5_part346_v2.c
bankb5_part347_v2.c
bankb5_part34b_v2.c
bankb5_part34e_v2.c
bankb5_part35_v2.c
bankb5_part35d_v2.c
bankb5_part36d_v2.c
bankb5_part372_v2.c
bankb5_part373_v2.c
bankb5_part375_v2.c
bankb5_part376_v2.c
bankb5_part38_v2.c
bankb5_part38c_v2.c
bankb5_part390_v2.c
bankb5_part391_v2.c
bankb5_part395_v2.c
bankb5_part397_v2.c
bankb5_part399_v2.c
bankb5_part39a_v2.c
bankb5_part3aa_v2.c
bankb5_part3b1_v2.c
bankb5_part3b3_v2.c
bankb5_part3b6_v2.c
bankb5_part3b9_v2.c
bankb5_part3b_v2.c
bankb5_part3ba_v2.c
bankb5_part3bb_v2.c
bankb5_part3bc_v2.c
bankb5_part3bd_v2.c
bankb5_part3bf_v2.c
bankb5_part3c0_v2.c
bankb5_part3c1_v2.c
bankb5_part3c2_v2.c
bankb5_part3c4_v2.c
bankb5_part3c5_v2.c
bankb5_part3c7_v2.c
bankb5_part3c8_v2.c
bankb5_part3d2_v2.c
bankb5_part3d4_v2.c
bankb5_part3d7_v2.c
bankb5_part3d_v2.c
bankb5_part3dc_v2.c
bankb5_part3e1_v2.c
bankb5_part3e8_v2.c
bankb5_part3eb_v2.c
bankb5_part3ec_v2.c
bankb5_part3ed_v2.c
bankb5_part3ef_v2.c
bankb5_part3f2_v2.c
bankb5_part3f3_v2.c
bankb5_part3f4_v2.c
bankb5_part3f5_v2.c
bankb5_part3f8_v2.c
bankb5_part3f_v2.c
bankb5_part3fa_v2.c
bankb5_part3fc_v2.c
bankb5_part400_v2.c
bankb5_part401_v2.c
bankb5_part403_v2.c
bankb5_part404_v2.c
bankb5_part405_v2.c
bankb5_part408_v2.c
bankb5_part409_v2.c
bankb5_part40e_v2.c
bankb5_part40f_v2.c
bankb5_part410_v2.c
bankb5_part412_v2.c
bankb5_part41b_v2.c
bankb5_part421_v2.c
bankb5_part42c_v2.c
bankb5_part42e_v2.c
bankb5_part42f_v2.c
bankb5_part430_v2.c
bankb5_part433_v2.c
bankb5_part434_v2.c
bankb5_part435_v2.c
bankb5_part43a_v2.c
bankb5_part43e_v2.c
bankb5_part440_v2.c
bankb5_part441_v2.c
bankb5_part445_v2.c
bankb5_part447_v2.c
bankb5_part44a_v2.c
bankb5_part44c_v2.c
bankb5_part44d_v2.c
bankb5_part453_v2.c
bankb5_part459_v2.c
bankb5_part45_v2.c
bankb5_part45a_v2.c
bankb5_part460_v2.c
bankb5_part464_v2.c
bankb5_part466_v2.c
bankb5_part46c_v2.c
bankb5_part472_v2.c
bankb5_part473_v2.c
bankb5_part475_v2.c
bankb5_part477_v2.c
bankb5_part478_v2.c
bankb5_part47b_v2.c
bankb5_part47c_v2.c
bankb5_part47e_v2.c
bankb5_part480_v2.c
bankb5_part481_v2.c
bankb5_part482_v2.c
bankb5_part484_v2.c
bankb5_part485_v2.c
bankb5_part488_v2.c
bankb5_part48d_v2.c
bankb5_part48e_v2.c
bankb5_part491_v2.c
bankb5_part492_v2.c
bankb5_part497_v2.c
bankb5_part49_v2.c
bankb5_part49d_v2.c
bankb5_part4a0_v2.c
bankb5_part4a2_v2.c
bankb5_part4aa_v2.c
bankb5_part4ac_v2.c
bankb5_part4b1_v2.c
bankb5_part4b6_v2.c
bankb5_part4b8_v2.c
bankb5_part4bc_v2.c
bankb5_part4c0_v2.c
bankb5_part4c1_v2.c
bankb5_part4c2_v2.c
bankb5_part4c4_v2.c
bankb5_part4c6_v2.c
bankb5_part4c7_v2.c
bankb5_part4c8_v2.c
bankb5_part4c9_v2.c
bankb5_part4c_v2.c
bankb5_part4cc_v2.c
bankb5_part4d1_v2.c
bankb5_part4d2_v2.c
bankb5_part4d4_v2.c
bankb5_part4db_v2.c
bankb5_part4de_v2.c
bankb5_part4e0_v2.c
bankb5_part4e5_v2.c
bankb5_part4e8_v2.c
bankb5_part4e9_v2.c
bankb5_part4e_v2.c
bankb5_part4eb_v2.c
bankb5_part4ec_v2.c
bankb5_part4ed_v2.c
bankb5_part4ef_v2.c
bankb5_part4f0_v2.c
bankb5_part4f1_v2.c
bankb5_part4f2_v2.c
bankb5_part4f4_v2.c
bankb5_part4f7_v2.c
bankb5_part4f_v2.c
bankb5_part4fa_v2.c
bankb5_part4fe_v2.c
bankb5_part521_v2.c
bankb5_part52_v2.c
bankb5_part52b_v2.c
bankb5_part530_v2.c
bankb5_part531_v2.c
bankb5_part534_v2.c
bankb5_part535_v2.c
bankb5_part537_v2.c
bankb5_part538_v2.c
bankb5_part53b_v2.c
bankb5_part53f_v2.c
bankb5_part544_v2.c
bankb5_part547_v2.c
bankb5_part548_v2.c
bankb5_part54_v2.c
bankb5_part54b_v2.c
bankb5_part54d_v2.c
bankb5_part54f_v2.c
bankb5_part550_v2.c
bankb5_part551_v2.c
bankb5_part553_v2.c
bankb5_part554_v2.c
bankb5_part558_v2.c
bankb5_part559_v2.c
bankb5_part55b_v2.c
bankb5_part55d_v2.c
bankb5_part55f_v2.c
bankb5_part561_v2.c
bankb5_part562_v2.c
bankb5_part565_v2.c
bankb5_part56a_v2.c
bankb5_part56b_v2.c
bankb5_part56d_v2.c
bankb5_part571_v2.c
bankb5_part572_v2.c
bankb5_part574_v2.c
bankb5_part578_v2.c
bankb5_part579_v2.c
bankb5_part580_v2.c
bankb5_part581_v2.c
bankb5_part585_v2.c
bankb5_part586_v2.c
bankb5_part587_v2.c
bankb5_part588_v2.c
bankb5_part58a_v2.c
bankb5_part58d_v2.c
bankb5_part58f_v2.c
bankb5_part590_v2.c
bankb5_part593_v2.c
bankb5_part595_v2.c
bankb5_part598_v2.c
bankb5_part59a_v2.c
bankb5_part59b_v2.c
bankb5_part59d_v2.c
bankb5_part59f_v2.c
bankb5_part5a1_v2.c
bankb5_part5a4_v2.c
bankb5_part5a7_v2.c
bankb5_part5a8_v2.c
bankb5_part5aa_v2.c
bankb5_part5ac_v2.c
bankb5_part5ad_v2.c
bankb5_part5b1_v2.c
bankb5_part5b3_v2.c
bankb5_part5bb_v2.c
bankb5_part5bf_v2.c
bankb5_part5c1_v2.c
bankb5_part5c2_v2.c
bankb5_part5c5_v2.c
bankb5_part5c8_v2.c
bankb5_part5cc_v2.c
bankb5_part5ce_v2.c
bankb5_part5d1_v2.c
bankb5_part5d4_v2.c
bankb5_part5d6_v2.c
bankb5_part5d9_v2.c
bankb5_part5db_v2.c
bankb5_part5dc_v2.c
bankb5_part5de_v2.c
bankb5_part5e0_v2.c
bankb5_part5e2_v2.c
bankb5_part5e4_v2.c
bankb5_part5e9_v2.c
bankb5_part5eb_v2.c
bankb5_part5f7_v2.c
bankb5_part5f8_v2.c
bankb5_part5ff_v2.c
bankb5_part600_v2.c
bankb5_part601_v2.c
bankb5_part61d_v2.c
bankb5_part61e_v2.c
bankb5_part61f_v2.c
bankb5_part621_v2.c
bankb5_part622_v2.c
bankb5_part623_v2.c
bankb5_part625_v2.c
bankb5_part627_v2.c
bankb5_part629_v2.c
bankb5_part62d_v2.c
bankb5_part631_v2.c
bankb5_part632_v2.c
bankb5_part63_v2.c
bankb5_part63a_v2.c
bankb5_part63b_v2.c
bankb5_part63d_v2.c
bankb5_part640_v2.c
bankb5_part64e_v2.c
bankb5_part64f_v2.c
bankb5_part650_v2.c
bankb5_part652_v2.c
bankb5_part655_v2.c
bankb5_part657_v2.c
bankb5_part658_v2.c
bankb5_part659_v2.c
bankb5_part65b_v2.c
bankb5_part65e_v2.c
bankb5_part65f_v2.c
bankb5_part666_v2.c
bankb5_part667_v2.c
bankb5_part668_v2.c
bankb5_part66c_v2.c
bankb5_part67a_v2.c
bankb5_part67c_v2.c
bankb5_part67d_v2.c
bankb5_part67f_v2.c
bankb5_part681_v2.c
bankb5_part682_v2.c
bankb5_part683_v2.c
bankb5_part684_v2.c
bankb5_part687_v2.c
bankb5_part688_v2.c
bankb5_part689_v2.c
bankb5_part68_v2.c
bankb5_part68c_v2.c
bankb5_part691_v2.c
bankb5_part692_v2.c
bankb5_part693_v2.c
bankb5_part694_v2.c
bankb5_part695_v2.c
bankb5_part698_v2.c
bankb5_part6a6_v2.c
bankb5_part6a_v2.c
bankb5_part6bd_v2.c
bankb5_part6c_v2.c
bankb5_part6d7_v2.c
bankb5_part6da_v2.c
bankb5_part6db_v2.c
bankb5_part6de_v2.c
bankb5_part6e1_v2.c
bankb5_part6e3_v2.c
bankb5_part6e6_v2.c
bankb5_part6e9_v2.c
bankb5_part6eb_v2.c
bankb5_part6ee_v2.c
bankb5_part6f0_v2.c
bankb5_part6f1_v2.c
bankb5_part6f2_v2.c
bankb5_part6f3_v2.c
bankb5_part6f4_v2.c
bankb5_part6f5_v2.c
bankb5_part6f7_v2.c
bankb5_part6fc_v2.c
bankb5_part6fd_v2.c
bankb5_part6ff_v2.c
bankb5_part700_v2.c
bankb5_part702_v2.c
bankb5_part704_v2.c
bankb5_part70a_v2.c
bankb5_part70c_v2.c
bankb5_part70e_v2.c
bankb5_part70f_v2.c
bankb5_part711_v2.c
bankb5_part713_v2.c
bankb5_part717_v2.c
bankb5_part718_v2.c
bankb5_part71a_v2.c
bankb5_part71b_v2.c
bankb5_part71e_v2.c
bankb5_part71f_v2.c
bankb5_part72_v2.c
bankb5_part72b_v2.c
bankb5_part72f_v2.c
bankb5_part730_v2.c
bankb5_part731_v2.c
bankb5_part735_v2.c
bankb5_part73b_v2.c
bankb5_part73c_v2.c
bankb5_part74c_v2.c
bankb5_part751_v2.c
bankb5_part755_v2.c
bankb5_part75_v2.c
bankb5_part760_v2.c
bankb5_part764_v2.c
bankb5_part765_v2.c
bankb5_part767_v2.c
bankb5_part768_v2.c
bankb5_part769_v2.c
bankb5_part76c_v2.c
bankb5_part76f_v2.c
bankb5_part770_v2.c
bankb5_part772_v2.c
bankb5_part773_v2.c
bankb5_part777_v2.c
bankb5_part77_v2.c
bankb5_part77a_v2.c
bankb5_part77f_v2.c
bankb5_part783_v2.c
bankb5_part790_v2.c
bankb5_part796_v2.c
bankb5_part799_v2.c
bankb5_part79_v2.c
bankb5_part7a8_v2.c
bankb5_part7a9_v2.c
bankb5_part7b1_v2.c
bankb5_part7b2_v2.c
bankb5_part7bb_v2.c
bankb5_part7bc_v2.c
bankb5_part7bd_v2.c
bankb5_part7be_v2.c
bankb5_part7c0_v2.c
bankb5_part7c1_v2.c
bankb5_part7c2_v2.c
bankb5_part7c3_v2.c
bankb5_part7c4_v2.c
bankb5_part7c5_v2.c
bankb5_part82_v2.c
bankb5_part88_v2.c
bankb5_part8a_v2.c
bankb5_part8d_v2.c
bankb5_part8f_v2.c
bankb5_part91_v2.c
bankb5_part92_v2.c
bankb5_part93_v2.c
bankb5_part95_v2.c
bankb5_part98_v2.c
bankb5_parta7_v2.c
bankb5_parta8_v2.c
bankb5_partae_v2.c
bankb5_partaf_v2.c
bankb5_partb3_v2.c
bankb5_partb5_v2.c
bankb5_partbb_v2.c
bankb5_partc1_v2.c
bankb5_partc6_v2.c
bankb5_partc7_v2.c
bankb5_partc9_v2.c
bankb5_partcb_v2.c
bankb5_partce_v2.c
bankb5_partd6_v2.c
bankb5_partdb_v2.c
bankb5_partdc_v2.c
bankb5_partde_v2.c
bankb5_parte0_v2.c
bankb5_parte1_v2.c
bankb5_parte2_v2.c
bankb5_parte4_v2.c
bankb5_parte5_v2.c
bankb5_parte6_v2.c
bankb5_parte8_v2.c
bankb5_parteb_v2.c
bankb5_partef_v2.c
bankb5_partf6_v2.c
bankb5_partf9_v2.c
bankb5_partfb_v2.c
bankb5_partfc_v2.c
bankb5_partfd_v2.c
bankb5_partfe_v2.c
bankb5_partff_v2.c
bankb6_part00_v2.c
bankb6_part01_v2.c
bankb6_part02_v2.c
bankb6_part03_v2.c
bankb6_part04_v2.c
bankb6_part05_v2.c
bankb6_part06_v2.c
bankb6_part07_v2.c
bankb6_part08_v2.c
bankb6_part0a_v2.c
bankb6_part0d_v2.c
bankb6_part0e_v2.c
bankb6_part103_v2.c
bankb6_part107_v2.c
bankb6_part109_v2.c
bankb6_part10b_v2.c
bankb6_part10d_v2.c
bankb6_part115_v2.c
bankb6_part11a_v2.c
bankb6_part11b_v2.c
bankb6_part11c_v2.c
bankb6_part11d_v2.c
bankb6_part11e_v2.c
bankb6_part11f_v2.c
bankb6_part120_v2.c
bankb6_part121_v2.c
bankb6_part123_v2.c
bankb6_part124_v2.c
bankb6_part125_v2.c
bankb6_part129_v2.c
bankb6_part12e_v2.c
bankb6_part12f_v2.c
bankb6_part130_v2.c
bankb6_part133_v2.c
bankb6_part135_v2.c
bankb6_part13_v2.c
bankb6_part13f_v2.c
bankb6_part140_v2.c
bankb6_part144_v2.c
bankb6_part146_v2.c
bankb6_part147_v2.c
bankb6_part148_v2.c
bankb6_part14_v2.c
bankb6_part14d_v2.c
bankb6_part14f_v2.c
bankb6_part150_v2.c
bankb6_part155_v2.c
bankb6_part15f_v2.c
bankb6_part162_v2.c
bankb6_part163_v2.c
bankb6_part164_v2.c
bankb6_part166_v2.c
bankb6_part167_v2.c
bankb6_part16_v2.c
bankb6_part16a_v2.c
bankb6_part16b_v2.c
bankb6_part16c_v2.c
bankb6_part16f_v2.c
bankb6_part171_v2.c
bankb6_part173_v2.c
bankb6_part17_v2.c
bankb6_part17c_v2.c
bankb6_part17f_v2.c
bankb6_part181_v2.c
bankb6_part182_v2.c
bankb6_part185_v2.c
bankb6_part186_v2.c
bankb6_part188_v2.c
bankb6_part189_v2.c
bankb6_part18a_v2.c
bankb6_part18e_v2.c
bankb6_part191_v2.c
bankb6_part193_v2.c
bankb6_part194_v2.c
bankb6_part19b_v2.c
bankb6_part19c_v2.c
bankb6_part1a0_v2.c
bankb6_part1a1_v2.c
bankb6_part1a2_v2.c
bankb6_part1a5_v2.c
bankb6_part1a6_v2.c
bankb6_part1a7_v2.c
bankb6_part1a_v2.c
bankb6_part1aa_v2.c
bankb6_part1ad_v2.c
bankb6_part1af_v2.c
bankb6_part1b5_v2.c
bankb6_part1b6_v2.c
bankb6_part1b9_v2.c
bankb6_part1b_v2.c
bankb6_part1ba_v2.c
bankb6_part1bb_v2.c
bankb6_part1c1_v2.c
bankb6_part1c3_v2.c
bankb6_part1c4_v2.c
bankb6_part1c5_v2.c
bankb6_part1c6_v2.c
bankb6_part1c9_v2.c
bankb6_part1c_v2.c
bankb6_part1ca_v2.c
bankb6_part1cd_v2.c
bankb6_part1cf_v2.c
bankb6_part1d0_v2.c
bankb6_part1d1_v2.c
bankb6_part1d3_v2.c
bankb6_part1d4_v2.c
bankb6_part1d5_v2.c
bankb6_part1d8_v2.c
bankb6_part1d9_v2.c
bankb6_part1db_v2.c
bankb6_part1dd_v2.c
bankb6_part1df_v2.c
bankb6_part1e2_v2.c
bankb6_part1e5_v2.c
bankb6_part1e6_v2.c
bankb6_part1e8_v2.c
bankb6_part1ec_v2.c
bankb6_part1ed_v2.c
bankb6_part1f1_v2.c
bankb6_part1f4_v2.c
bankb6_part1f5_v2.c
bankb6_part1f6_v2.c
bankb6_part1f8_v2.c
bankb6_part1fa_v2.c
bankb6_part1fb_v2.c
bankb6_part1fd_v2.c
bankb6_part1fe_v2.c
bankb6_part205_v2.c
bankb6_part206_v2.c
bankb6_part207_v2.c
bankb6_part209_v2.c
bankb6_part20b_v2.c
bankb6_part20c_v2.c
bankb6_part20d_v2.c
bankb6_part20e_v2.c
bankb6_part210_v2.c
bankb6_part212_v2.c
bankb6_part218_v2.c
bankb6_part219_v2.c
bankb6_part21_v2.c
bankb6_part21a_v2.c
bankb6_part21b_v2.c
bankb6_part21c_v2.c
bankb6_part225_v2.c
bankb6_part22_v2.c
bankb6_part22c_v2.c
bankb6_part234_v2.c
bankb6_part23c_v2.c
bankb6_part242_v2.c
bankb6_part244_v2.c
bankb6_part245_v2.c
bankb6_part248_v2.c
bankb6_part249_v2.c
bankb6_part24f_v2.c
bankb6_part258_v2.c
bankb6_part25d_v2.c
bankb6_part260_v2.c
bankb6_part263_v2.c
bankb6_part265_v2.c
bankb6_part26_v2.c
bankb6_part273_v2.c
bankb6_part274_v2.c
bankb6_part276_v2.c
bankb6_part278_v2.c
bankb6_part27_v2.c
bankb6_part27b_v2.c
bankb6_part27c_v2.c
bankb6_part27d_v2.c
bankb6_part27f_v2.c
bankb6_part281_v2.c
bankb6_part282_v2.c
bankb6_part283_v2.c
bankb6_part289_v2.c
bankb6_part28_v2.c
bankb6_part28e_v2.c
bankb6_part291_v2.c
bankb6_part295_v2.c
bankb6_part29_v2.c
bankb6_part29a_v2.c
bankb6_part29f_v2.c
bankb6_part2a1_v2.c
bankb6_part2a2_v2.c
bankb6_part2a3_v2.c
bankb6_part2a6_v2.c
bankb6_part2a_v2.c
bankb6_part2ab_v2.c
bankb6_part2ae_v2.c
bankb6_part2af_v2.c
bankb6_part2b0_v2.c
bankb6_part2b1_v2.c
bankb6_part2b2_v2.c
bankb6_part2b4_v2.c
bankb6_part2b6_v2.c
bankb6_part2b8_v2.c
bankb6_part2b9_v2.c
bankb6_part2bd_v2.c
bankb6_part2c2_v2.c
bankb6_part2c4_v2.c
bankb6_part2c5_v2.c
bankb6_part2c8_v2.c
bankb6_part2ca_v2.c
bankb6_part2cf_v2.c
bankb6_part2d2_v2.c
bankb6_part2d3_v2.c
bankb6_part2d4_v2.c
bankb6_part2d6_v2.c
bankb6_part2d8_v2.c
bankb6_part2da_v2.c
bankb6_part2db_v2.c
bankb6_part2df_v2.c
bankb6_part2e0_v2.c
bankb6_part2e4_v2.c
bankb6_part2e5_v2.c
bankb6_part2e6_v2.c
bankb6_part2e9_v2.c
bankb6_part2e_v2.c
bankb6_part2eb_v2.c
bankb6_part2ec_v2.c
bankb6_part2f0_v2.c
bankb6_part2f1_v2.c
bankb6_part2f3_v2.c
bankb6_part2f7_v2.c
bankb6_part2f8_v2.c
bankb6_part2f9_v2.c
bankb6_part2f_v2.c
bankb6_part2fa_v2.c
bankb6_part2fb_v2.c
bankb6_part302_v2.c
bankb6_part304_v2.c
bankb6_part306_v2.c
bankb6_part312_v2.c
bankb6_part313_v2.c
bankb6_part314_v2.c
bankb6_part315_v2.c
bankb6_part31_v2.c
bankb6_part31c_v2.c
bankb6_part31e_v2.c
bankb6_part321_v2.c
bankb6_part322_v2.c
bankb6_part324_v2.c
bankb6_part329_v2.c
bankb6_part334_v2.c
bankb6_part335_v2.c
bankb6_part338_v2.c
bankb6_part33c_v2.c
bankb6_part33d_v2.c
bankb6_part340_v2.c
bankb6_part341_v2.c
bankb6_part345_v2.c
bankb6_part346_v2.c
bankb6_part348_v2.c
bankb6_part349_v2.c
bankb6_part34_v2.c
bankb6_part34d_v2.c
bankb6_part34e_v2.c
bankb6_part351_v2.c
bankb6_part355_v2.c
bankb6_part356_v2.c
bankb6_part35a_v2.c
bankb6_part35c_v2.c
bankb6_part35d_v2.c
bankb6_part362_v2.c
bankb6_part366_v2.c
bankb6_part367_v2.c
bankb6_part36a_v2.c
bankb6_part36b_v2.c
bankb6_part36c_v2.c
bankb6_part372_v2.c
bankb6_part374_v2.c
bankb6_part375_v2.c
bankb6_part378_v2.c
bankb6_part37c_v2.c
bankb6_part37d_v2.c
bankb6_part37e_v2.c
bankb6_part37f_v2.c
bankb6_part398_v2.c
bankb6_part39a_v2.c
bankb6_part39b_v2.c
bankb6_part39c_v2.c
bankb6_part39f_v2.c
bankb6_part3a0_v2.c
bankb6_part3a2_v2.c
bankb6_part3a3_v2.c
bankb6_part3a4_v2.c
bankb6_part3ab_v2.c
bankb6_part3ac_v2.c
bankb6_part3ae_v2.c
bankb6_part3af_v2.c
bankb6_part3b3_v2.c
bankb6_part3b4_v2.c
bankb6_part3b5_v2.c
bankb6_part3b7_v2.c
bankb6_part3b_v2.c
bankb6_part3bb_v2.c
bankb6_part3be_v2.c
bankb6_part3c4_v2.c
bankb6_part3c7_v2.c
bankb6_part3cb_v2.c
bankb6_part3cf_v2.c
bankb6_part3d0_v2.c
bankb6_part3d1_v2.c
bankb6_part3d5_v2.c
bankb6_part3d8_v2.c
bankb6_part3da_v2.c
bankb6_part3dc_v2.c
bankb6_part3de_v2.c
bankb6_part3df_v2.c
bankb6_part3e0_v2.c
bankb6_part3e2_v2.c
bankb6_part3e4_v2.c
bankb6_part3e6_v2.c
bankb6_part3e7_v2.c
bankb6_part3ec_v2.c
bankb6_part3ee_v2.c
bankb6_part3f2_v2.c
bankb6_part3f6_v2.c
bankb6_part3f8_v2.c
bankb6_part3f9_v2.c
bankb6_part3fa_v2.c
bankb6_part3ff_v2.c
bankb6_part401_v2.c
bankb6_part402_v2.c
bankb6_part403_v2.c
bankb6_part405_v2.c
bankb6_part406_v2.c
bankb6_part407_v2.c
bankb6_part40_v2.c
bankb6_part40a_v2.c
bankb6_part40b_v2.c
bankb6_part40c_v2.c
bankb6_part40e_v2.c
bankb6_part40f_v2.c
bankb6_part410_v2.c
bankb6_part416_v2.c
bankb6_part41a_v2.c
bankb6_part41c_v2.c
bankb6_part420_v2.c
bankb6_part423_v2.c
bankb6_part424_v2.c
bankb6_part426_v2.c
bankb6_part427_v2.c
bankb6_part428_v2.c
bankb6_part42_v2.c
bankb6_part42a_v2.c
bankb6_part42c_v2.c
bankb6_part431_v2.c
bankb6_part432_v2.c
bankb6_part433_v2.c
bankb6_part434_v2.c
bankb6_part435_v2.c
bankb6_part43c_v2.c
bankb6_part43d_v2.c
bankb6_part43e_v2.c
bankb6_part443_v2.c
bankb6_part444_v2.c
bankb6_part445_v2.c
bankb6_part449_v2.c
bankb6_part454_v2.c
bankb6_part457_v2.c
bankb6_part45_v2.c
bankb6_part45e_v2.c
bankb6_part469_v2.c
bankb6_part46a_v2.c
bankb6_part46e_v2.c
bankb6_part46f_v2.c
bankb6_part470_v2.c
bankb6_part472_v2.c
bankb6_part474_v2.c
bankb6_part476_v2.c
bankb6_part478_v2.c
bankb6_part479_v2.c
bankb6_part47_v2.c
bankb6_part47b_v2.c
bankb6_part47c_v2.c
bankb6_part47e_v2.c
bankb6_part47f_v2.c
bankb6_part486_v2.c
bankb6_part488_v2.c
bankb6_part489_v2.c
bankb6_part48c_v2.c
bankb6_part48d_v2.c
bankb6_part491_v2.c
bankb6_part495_v2.c
bankb6_part49b_v2.c
bankb6_part49d_v2.c
bankb6_part49e_v2.c
bankb6_part49f_v2.c
bankb6_part4a2_v2.c
bankb6_part4a3_v2.c
bankb6_part4a6_v2.c
bankb6_part4ab_v2.c
bankb6_part4ad_v2.c
bankb6_part4b0_v2.c
bankb6_part4b3_v2.c
bankb6_part4b9_v2.c
bankb6_part4ba_v2.c
bankb6_part4bc_v2.c
bankb6_part4be_v2.c
bankb6_part4bf_v2.c
bankb6_part4c7_v2.c
bankb6_part4c8_v2.c
bankb6_part4c9_v2.c
bankb6_part4ca_v2.c
bankb6_part4cb_v2.c
bankb6_part4cf_v2.c
bankb6_part4d6_v2.c
bankb6_part4d7_v2.c
bankb6_part4d9_v2.c
bankb6_part4dc_v2.c
bankb6_part4de_v2.c
bankb6_part4e0_v2.c
bankb6_part4e3_v2.c
bankb6_part4e6_v2.c
bankb6_part4ed_v2.c
bankb6_part4f9_v2.c
bankb6_part4fa_v2.c
bankb6_part4fb_v2.c
bankb6_part503_v2.c
bankb6_part509_v2.c
bankb6_part50_v2.c
bankb6_part50a_v2.c
bankb6_part50c_v2.c
bankb6_part50d_v2.c
bankb6_part50e_v2.c
bankb6_part50f_v2.c
bankb6_part510_v2.c
bankb6_part511_v2.c
bankb6_part512_v2.c
bankb6_part513_v2.c
bankb6_part514_v2.c
bankb6_part517_v2.c
bankb6_part518_v2.c
bankb6_part519_v2.c
bankb6_part51_v2.c
bankb6_part51e_v2.c
bankb6_part51f_v2.c
bankb6_part522_v2.c
bankb6_part524_v2.c
bankb6_part525_v2.c
bankb6_part526_v2.c
bankb6_part528_v2.c
bankb6_part529_v2.c
bankb6_part52f_v2.c
bankb6_part530_v2.c
bankb6_part533_v2.c
bankb6_part535_v2.c
bankb6_part537_v2.c
bankb6_part53_v2.c
bankb6_part53e_v2.c
bankb6_part53f_v2.c
bankb6_part541_v2.c
bankb6_part542_v2.c
bankb6_part545_v2.c
bankb6_part549_v2.c
bankb6_part54e_v2.c
bankb6_part551_v2.c
bankb6_part552_v2.c
bankb6_part553_v2.c
bankb6_part555_v2.c
bankb6_part556_v2.c
bankb6_part558_v2.c
bankb6_part55b_v2.c
bankb6_part57e_v2.c
bankb6_part57f_v2.c
bankb6_part580_v2.c
bankb6_part583_v2.c
bankb6_part586_v2.c
bankb6_part588_v2.c
bankb6_part590_v2.c
bankb6_part593_v2.c
bankb6_part598_v2.c
bankb6_part59a_v2.c
bankb6_part59b_v2.c
bankb6_part59d_v2.c
bankb6_part59e_v2.c
bankb6_part5a2_v2.c
bankb6_part5a3_v2.c
bankb6_part5a4_v2.c
bankb6_part5a5_v2.c
bankb6_part5ab_v2.c
bankb6_part5ac_v2.c
bankb6_part5ae_v2.c
bankb6_part5af_v2.c
bankb6_part5b2_v2.c
bankb6_part5b5_v2.c
bankb6_part5b9_v2.c
bankb6_part5ba_v2.c
bankb6_part5bc_v2.c
bankb6_part5c_v2.c
bankb6_part5cc_v2.c
bankb6_part5ce_v2.c
bankb6_part5d1_v2.c
bankb6_part5d6_v2.c
bankb6_part5da_v2.c
bankb6_part5db_v2.c
bankb6_part5dd_v2.c
bankb6_part5df_v2.c
bankb6_part5e0_v2.c
bankb6_part5e1_v2.c
bankb6_part5e2_v2.c
bankb6_part5e3_v2.c
bankb6_part5e5_v2.c
bankb6_part5e6_v2.c
bankb6_part5e7_v2.c
bankb6_part5e9_v2.c
bankb6_part5e_v2.c
bankb6_part5eb_v2.c
bankb6_part5ed_v2.c
bankb6_part5f1_v2.c
bankb6_part5f3_v2.c
bankb6_part5f4_v2.c
bankb6_part5f6_v2.c
bankb6_part5f7_v2.c
bankb6_part5f8_v2.c
bankb6_part5f9_v2.c
bankb6_part60_v2.c
bankb6_part61_v2.c
bankb6_part620_v2.c
bankb6_part621_v2.c
bankb6_part624_v2.c
bankb6_part625_v2.c
bankb6_part626_v2.c
bankb6_part629_v2.c
bankb6_part62b_v2.c
bankb6_part62d_v2.c
bankb6_part62e_v2.c
bankb6_part630_v2.c
bankb6_part631_v2.c
bankb6_part633_v2.c
bankb6_part634_v2.c
bankb6_part636_v2.c
bankb6_part638_v2.c
bankb6_part63_v2.c
bankb6_part63a_v2.c
bankb6_part643_v2.c
bankb6_part648_v2.c
bankb6_part649_v2.c
bankb6_part64_v2.c
bankb6_part64a_v2.c
bankb6_part64b_v2.c
bankb6_part64c_v2.c
bankb6_part64e_v2.c
bankb6_part64f_v2.c
bankb6_part650_v2.c
bankb6_part652_v2.c
bankb6_part655_v2.c
bankb6_part659_v2.c
bankb6_part65c_v2.c
bankb6_part65e_v2.c
bankb6_part65f_v2.c
bankb6_part660_v2.c
bankb6_part666_v2.c
bankb6_part667_v2.c
bankb6_part668_v2.c
bankb6_part669_v2.c
bankb6_part66_v2.c
bankb6_part670_v2.c
bankb6_part672_v2.c
bankb6_part673_v2.c
bankb6_part67c_v2.c
bankb6_part67d_v2.c
bankb6_part67e_v2.c
bankb6_part67f_v2.c
bankb6_part680_v2.c
bankb6_part681_v2.c
bankb6_part682_v2.c
bankb6_part683_v2.c
bankb6_part684_v2.c
bankb6_part68e_v2.c
bankb6_part68f_v2.c
bankb6_part690_v2.c
bankb6_part693_v2.c
bankb6_part699_v2.c
bankb6_part69a_v2.c
bankb6_part69b_v2.c
bankb6_part69c_v2.c
bankb6_part69d_v2.c
bankb6_part69f_v2.c
bankb6_part6a0_v2.c
bankb6_part6a2_v2.c
bankb6_part6a4_v2.c
bankb6_part6a5_v2.c
bankb6_part6a6_v2.c
bankb6_part6a7_v2.c
bankb6_part6a8_v2.c
bankb6_part6ac_v2.c
bankb6_part6ae_v2.c
bankb6_part6af_v2.c
bankb6_part6b0_v2.c
bankb6_part6b1_v2.c
bankb6_part6b9_v2.c
bankb6_part6bd_v2.c
bankb6_part6be_v2.c
bankb6_part6c0_v2.c
bankb6_part6c4_v2.c
bankb6_part6c5_v2.c
bankb6_part6c7_v2.c
bankb6_part6c8_v2.c
bankb6_part6cc_v2.c
bankb6_part6cf_v2.c
bankb6_part6d0_v2.c
bankb6_part6d1_v2.c
bankb6_part6d3_v2.c
bankb6_part6d4_v2.c
bankb6_part6d6_v2.c
bankb6_part6d7_v2.c
bankb6_part6db_v2.c
bankb6_part6dc_v2.c
bankb6_part6dd_v2.c
bankb6_part6df_v2.c
bankb6_part6e5_v2.c
bankb6_part6e9_v2.c
bankb6_part6eb_v2.c
bankb6_part6f5_v2.c
bankb6_part6f8_v2.c
bankb6_part6f9_v2.c
bankb6_part6f_v2.c
bankb6_part6fa_v2.c
bankb6_part6fc_v2.c
bankb6_part705_v2.c
bankb6_part707_v2.c
bankb6_part708_v2.c
bankb6_part709_v2.c
bankb6_part70a_v2.c
bankb6_part70c_v2.c
bankb6_part70e_v2.c
bankb6_part70f_v2.c
bankb6_part718_v2.c
bankb6_part71_v2.c
bankb6_part71a_v2.c
bankb6_part71b_v2.c
bankb6_part723_v2.c
bankb6_part726_v2.c
bankb6_part727_v2.c
bankb6_part728_v2.c
bankb6_part729_v2.c
bankb6_part72_v2.c
bankb6_part72a_v2.c
bankb6_part72b_v2.c
bankb6_part72c_v2.c
bankb6_part72d_v2.c
bankb6_part72e_v2.c
bankb6_part732_v2.c
bankb6_part734_v2.c
bankb6_part735_v2.c
bankb6_part737_v2.c
bankb6_part738_v2.c
bankb6_part73_v2.c
bankb6_part73a_v2.c
bankb6_part73e_v2.c
bankb6_part74e_v2.c
bankb6_part753_v2.c
bankb6_part754_v2.c
bankb6_part760_v2.c
bankb6_part763_v2.c
bankb6_part765_v2.c
bankb6_part76_v2.c
bankb6_part76d_v2.c
bankb6_part76e_v2.c
bankb6_part770_v2.c
bankb6_part774_v2.c
bankb6_part775_v2.c
bankb6_part778_v2.c
bankb6_part77b_v2.c
bankb6_part77c_v2.c
bankb6_part77f_v2.c
bankb6_part780_v2.c
bankb6_part781_v2.c
bankb6_part783_v2.c
bankb6_part784_v2.c
bankb6_part785_v2.c
bankb6_part788_v2.c
bankb6_part78a_v2.c
bankb6_part78c_v2.c
bankb6_part78e_v2.c
bankb6_part791_v2.c
bankb6_part793_v2.c
bankb6_part797_v2.c
bankb6_part798_v2.c
bankb6_part799_v2.c
bankb6_part79_v2.c
bankb6_part79b_v2.c
bankb6_part79c_v2.c
bankb6_part79d_v2.c
bankb6_part79e_v2.c
bankb6_part7a1_v2.c
bankb6_part7a2_v2.c
bankb6_part7a4_v2.c
bankb6_part7a5_v2.c
bankb6_part7a6_v2.c
bankb6_part7a7_v2.c
bankb6_part7a8_v2.c
bankb6_part7a9_v2.c
bankb6_part7a_v2.c
bankb6_part7ac_v2.c
bankb6_part7ad_v2.c
bankb6_part7ae_v2.c
bankb6_part7af_v2.c
bankb6_part7b0_v2.c
bankb6_part7b1_v2.c
bankb6_part7b2_v2.c
bankb6_part7b3_v2.c
bankb6_part7b4_v2.c
bankb6_part7b7_v2.c
bankb6_part7b8_v2.c
bankb6_part7b9_v2.c
bankb6_part7ba_v2.c
bankb6_part7bc_v2.c
bankb6_part7c6_v2.c
bankb6_part7ca_v2.c
bankb6_part7cc_v2.c
bankb6_part7cd_v2.c
bankb6_part7ce_v2.c
bankb6_part7cf_v2.c
bankb6_part7d3_v2.c
bankb6_part7d8_v2.c
bankb6_part7d9_v2.c
bankb6_part7db_v2.c
bankb6_part7dc_v2.c
bankb6_part7de_v2.c
bankb6_part7df_v2.c
bankb6_part7e0_v2.c
bankb6_part7e2_v2.c
bankb6_part7e3_v2.c
bankb6_part7e4_v2.c
bankb6_part7e8_v2.c
bankb6_part7e9_v2.c
bankb6_part7ea_v2.c
bankb6_part7eb_v2.c
bankb6_part81_v2.c
bankb6_part82_v2.c
bankb6_part83_v2.c
bankb6_part85_v2.c
bankb6_part8e_v2.c
bankb6_part91_v2.c
bankb6_part96_v2.c
bankb6_part98_v2.c
bankb6_part9b_v2.c
bankb6_parta3_v2.c
bankb6_parta8_v2.c
bankb6_partb5_v2.c
bankb6_partb8_v2.c
bankb6_partbb_v2.c
bankb6_partbe_v2.c
bankb6_partc1_v2.c
bankb6_partc3_v2.c
bankb6_partc4_v2.c
bankb6_partc6_v2.c
bankb6_partc7_v2.c
bankb6_partc8_v2.c
bankb6_partc9_v2.c
bankb6_partcd_v2.c
bankb6_partce_v2.c
bankb6_partcf_v2.c
bankb6_partd2_v2.c
bankb6_partd3_v2.c
bankb6_partdc_v2.c
bankb6_partdd_v2.c
bankb6_partde_v2.c
bankb6_parte1_v2.c
bankb6_parte3_v2.c
bankb6_parte6_v2.c
bankb6_parted_v2.c
bankb6_partf6_v2.c
bankb6_partf7_v2.c
bankb6_partfb_v2.c
bankb6_partfd_v2.c
bankb6_partfe_v2.c
bankb7_part00_v2.c
bankb7_part01_v2.c
bankb7_part02_v2.c
bankb7_part03_v2.c
bankb7_part0b_v2.c
bankb7_part102_v2.c
bankb7_part125_v2.c
bankb7_part126_v2.c
bankb7_part128_v2.c
bankb7_part12b_v2.c
bankb7_part13_v2.c
bankb7_part142_v2.c
bankb7_part144_v2.c
bankb7_part146_v2.c
bankb7_part149_v2.c
bankb7_part161_v2.c
bankb7_part163_v2.c
bankb7_part164_v2.c
bankb7_part168_v2.c
bankb7_part180_v2.c
bankb7_part181_v2.c
bankb7_part183_v2.c
bankb7_part186_v2.c
bankb7_part19f_v2.c
bankb7_part1a6_v2.c
bankb7_part1b0_v2.c
bankb7_part1bc_v2.c
bankb7_part1d3_v2.c
bankb7_part2a_v2.c
bankb7_part300_v2.c
bankb7_part301_v2.c
bankb7_part361_v2.c
bankb7_part375_v2.c
bankb7_part386_v2.c
bankb7_part38d_v2.c
bankb7_part399_v2.c
bankb7_part3bf_v2.c
bankb7_part3e2_v2.c
bankb7_part3e3_v2.c
bankb7_part3f4_v2.c
bankb7_part406_v2.c
bankb7_part418_v2.c
bankb7_part42a_v2.c
bankb7_part43d_v2.c
bankb7_part44e_v2.c
bankb7_part44f_v2.c
bankb7_part461_v2.c
bankb7_part472_v2.c
bankb7_part476_v2.c
bankb7_part47d_v2.c
bankb7_part481_v2.c
bankb7_part483_v2.c
bankb7_part48a_v2.c
bankb7_part48d_v2.c
bankb7_part494_v2.c
bankb7_part4b2_v2.c
bankb7_part4c2_v2.c
bankb7_part4d1_v2.c
bankb7_part4e4_v2.c
bankb7_part4f6_v2.c
bankb7_part507_v2.c
bankb7_part512_v2.c
bankb7_part515_v2.c
bankb7_part518_v2.c
bankb7_part51a_v2.c
bankb7_part51d_v2.c
bankb7_part51e_v2.c
bankb7_part51f_v2.c
bankb7_part520_v2.c
bankb7_part521_v2.c
bankb7_part522_v2.c
bankb7_part524_v2.c
bankb7_part525_v2.c
bankb7_part526_v2.c
bankb7_part527_v2.c
bankb7_part528_v2.c
bankb7_part529_v2.c
bankb7_part52c_v2.c
bankb7_part52d_v2.c
bankb7_part52e_v2.c
bankb7_part52f_v2.c
bankb7_part530_v2.c
bankb7_part531_v2.c
bankb7_part532_v2.c
bankb7_part533_v2.c
bankb7_part534_v2.c
bankb7_part535_v2.c
bankb7_part536_v2.c
bankb7_part537_v2.c
bankb7_part538_v2.c
bankb7_part539_v2.c
bankb7_part53a_v2.c
bankb7_part53b_v2.c
bankb7_part53c_v2.c
bankb7_part53d_v2.c
bankb7_part53e_v2.c
bankb7_part53f_v2.c
bankb7_part540_v2.c
bankb7_part541_v2.c
bankb7_part542_v2.c
bankb7_part543_v2.c
bankb7_part544_v2.c
bankb7_part545_v2.c
bankb7_part546_v2.c
bankb7_part547_v2.c
bankb7_part548_v2.c
bankb7_part578_v2.c
bankb7_part579_v2.c
bankb7_part57c_v2.c
bankb7_part57f_v2.c
bankb7_part587_v2.c
bankb7_part58d_v2.c
bankb7_part593_v2.c
bankb7_part599_v2.c
bankb7_part59d_v2.c
bankb7_part59e_v2.c
bankb7_part5a7_v2.c
bankb7_part5a9_v2.c
bankb7_part5ab_v2.c
bankb7_part5ac_v2.c
bankb7_part5af_v2.c
bankb7_part5b0_v2.c
bankb7_part5b3_v2.c
bankb7_part5b6_v2.c
bankb7_part5cc_v2.c
bankb7_part5d0_v2.c
bankb7_part5d4_v2.c
bankb7_part5d7_v2.c
bankb7_part5db_v2.c
bankb7_part5e0_v2.c
bankb7_part5f6_v2.c
bankb7_part5f8_v2.c
bankb7_part5f_v2.c
bankb7_part603_v2.c
bankb7_part60a_v2.c
bankb7_part60c_v2.c
bankb7_part60d_v2.c
bankb7_part60e_v2.c
bankb7_part610_v2.c
bankb7_part613_v2.c
bankb7_part621_v2.c
bankb7_part625_v2.c
bankb7_part62_v2.c
bankb7_part633_v2.c
bankb7_part646_v2.c
bankb7_part648_v2.c
bankb7_part649_v2.c
bankb7_part64a_v2.c
bankb7_part678_v2.c
bankb7_part686_v2.c
bankb7_part68e_v2.c
bankb7_part698_v2.c
bankb7_part6b0_v2.c
bankb7_part6b4_v2.c
bankb7_part6b6_v2.c
bankb7_part6b9_v2.c
bankb7_part6c8_v2.c
bankb7_part6dd_v2.c
bankb7_part73c_v2.c
bankb7_part741_v2.c
bankb7_part7e_v2.c
bankb7_part85_v2.c
bankb7_part9e_v2.c
bankb7_parta0_v2.c
bankb7_parta4_v2.c
bankb7_partb5_v2.c
bankb7_partbd_v2.c
bankb7_partbf_v2.c
bankb7_partc4_v2.c
bankb7_partc6_v2.c
bankb7_partcd_v2.c
bankb7_partd1_v2.c
bankb7_partd2_v2.c
bankb7_partd4_v2.c
bankb7_partdb_v2.c
bankb7_partdf_v2.c
bankb7_parte5_v2.c
bankb7_partf6_v2.c
bankb7_partfb_v2.c
bankb8_part05_v2.c
bankb8_part06_v2.c
bankb8_part07_v2.c
bankb8_part08_v2.c
bankb8_part09_v2.c
bankb8_part0a_v2.c
bankb8_part0b_v2.c
bankb8_part0f_v2.c
bankb8_part100_v2.c
bankb8_part107_v2.c
bankb8_part109_v2.c
bankb8_part10_v2.c
bankb8_part10f_v2.c
bankb8_part110_v2.c
bankb8_part124_v2.c
bankb8_part125_v2.c
bankb8_part126_v2.c
bankb8_part12d_v2.c
bankb8_part130_v2.c
bankb8_part142_v2.c
bankb8_part15e_v2.c
bankb8_part167_v2.c
bankb8_part172_v2.c
bankb8_part179_v2.c
bankb8_part181_v2.c
bankb8_part185_v2.c
bankb8_part18a_v2.c
bankb8_part18e_v2.c
bankb8_part195_v2.c
bankb8_part199_v2.c
bankb8_part19b_v2.c
bankb8_part1a1_v2.c
bankb8_part1a2_v2.c
bankb8_part1b7_v2.c
bankb8_part1bc_v2.c
bankb8_part1be_v2.c
bankb8_part1c0_v2.c
bankb8_part1c2_v2.c
bankb8_part1c3_v2.c
bankb8_part1c4_v2.c
bankb8_part1c5_v2.c
bankb8_part1c6_v2.c
bankb8_part1e8_v2.c
bankb8_part1ea_v2.c
bankb8_part1eb_v2.c
bankb8_part1f1_v2.c
bankb8_part1f2_v2.c
bankb8_part1f3_v2.c
bankb8_part1f5_v2.c
bankb8_part1f7_v2.c
bankb8_part1fa_v2.c
bankb8_part1fb_v2.c
bankb8_part1fc_v2.c
bankb8_part1fe_v2.c
bankb8_part201_v2.c
bankb8_part202_v2.c
bankb8_part203_v2.c
bankb8_part204_v2.c
bankb8_part20a_v2.c
bankb8_part20c_v2.c
bankb8_part20f_v2.c
bankb8_part237_v2.c
bankb8_part239_v2.c
bankb8_part23a_v2.c
bankb8_part23c_v2.c
bankb8_part23f_v2.c
bankb8_part243_v2.c
bankb8_part244_v2.c
bankb8_part245_v2.c
bankb8_part249_v2.c
bankb8_part24c_v2.c
bankb8_part253_v2.c
bankb8_part257_v2.c
bankb8_part259_v2.c
bankb8_part25d_v2.c
bankb8_part261_v2.c
bankb8_part266_v2.c
bankb8_part267_v2.c
bankb8_part268_v2.c
bankb8_part26a_v2.c
bankb8_part26b_v2.c
bankb8_part26c_v2.c
bankb8_part26e_v2.c
bankb8_part272_v2.c
bankb8_part276_v2.c
bankb8_part27c_v2.c
bankb8_part280_v2.c
bankb8_part285_v2.c
bankb8_part287_v2.c
bankb8_part288_v2.c
bankb8_part28b_v2.c
bankb8_part28c_v2.c
bankb8_part28d_v2.c
bankb8_part28e_v2.c
bankb8_part290_v2.c
bankb8_part295_v2.c
bankb8_part29_v2.c
bankb8_part29a_v2.c
bankb8_part29d_v2.c
bankb8_part2a0_v2.c
bankb8_part2a2_v2.c
bankb8_part2a_v2.c
bankb8_part2b8_v2.c
bankb8_part2b9_v2.c
bankb8_part2b_v2.c
bankb8_part2bb_v2.c
bankb8_part2bc_v2.c
bankb8_part2c2_v2.c
bankb8_part2c3_v2.c
bankb8_part2c5_v2.c
bankb8_part2c7_v2.c
bankb8_part2c9_v2.c
bankb8_part2ca_v2.c
bankb8_part2cc_v2.c
bankb8_part2cd_v2.c
bankb8_part2cf_v2.c
bankb8_part2d1_v2.c
bankb8_part2d2_v2.c
bankb8_part2d3_v2.c
bankb8_part2d5_v2.c
bankb8_part2dc_v2.c
bankb8_part2dd_v2.c
bankb8_part2df_v2.c
bankb8_part2e1_v2.c
bankb8_part2e2_v2.c
bankb8_part2e4_v2.c
bankb8_part2e8_v2.c
bankb8_part2e9_v2.c
bankb8_part2eb_v2.c
bankb8_part2ed_v2.c
bankb8_part2f1_v2.c
bankb8_part2f2_v2.c
bankb8_part2f3_v2.c
bankb8_part2fb_v2.c
bankb8_part2fd_v2.c
bankb8_part2fe_v2.c
bankb8_part308_v2.c
bankb8_part30a_v2.c
bankb8_part30b_v2.c
bankb8_part30d_v2.c
bankb8_part311_v2.c
bankb8_part313_v2.c
bankb8_part315_v2.c
bankb8_part316_v2.c
bankb8_part31a_v2.c
bankb8_part31c_v2.c
bankb8_part320_v2.c
bankb8_part322_v2.c
bankb8_part323_v2.c
bankb8_part330_v2.c
bankb8_part332_v2.c
bankb8_part33_v2.c
bankb8_part33c_v2.c
bankb8_part346_v2.c
bankb8_part358_v2.c
bankb8_part35_v2.c
bankb8_part35d_v2.c
bankb8_part35f_v2.c
bankb8_part361_v2.c
bankb8_part362_v2.c
bankb8_part363_v2.c
bankb8_part367_v2.c
bankb8_part369_v2.c
bankb8_part36_v2.c
bankb8_part36a_v2.c
bankb8_part36c_v2.c
bankb8_part372_v2.c
bankb8_part374_v2.c
bankb8_part375_v2.c
bankb8_part376_v2.c
bankb8_part37_v2.c
bankb8_part389_v2.c
bankb8_part38_v2.c
bankb8_part38c_v2.c
bankb8_part392_v2.c
bankb8_part394_v2.c
bankb8_part397_v2.c
bankb8_part39c_v2.c
bankb8_part39d_v2.c
bankb8_part39f_v2.c
bankb8_part3a0_v2.c
bankb8_part3a5_v2.c
bankb8_part3a6_v2.c
bankb8_part3a7_v2.c
bankb8_part3ab_v2.c
bankb8_part3be_v2.c
bankb8_part3d0_v2.c
bankb8_part3d2_v2.c
bankb8_part3dd_v2.c
bankb8_part3e7_v2.c
bankb8_part3e_v2.c
bankb8_part3ea_v2.c
bankb8_part3ee_v2.c
bankb8_part3f1_v2.c
bankb8_part3f2_v2.c
bankb8_part3f9_v2.c
bankb8_part3fb_v2.c
bankb8_part3fd_v2.c
bankb8_part403_v2.c
bankb8_part404_v2.c
bankb8_part406_v2.c
bankb8_part407_v2.c
bankb8_part409_v2.c
bankb8_part40a_v2.c
bankb8_part40d_v2.c
bankb8_part40e_v2.c
bankb8_part411_v2.c
bankb8_part414_v2.c
bankb8_part415_v2.c
bankb8_part418_v2.c
bankb8_part419_v2.c
bankb8_part41_v2.c
bankb8_part41a_v2.c
bankb8_part41c_v2.c
bankb8_part41e_v2.c
bankb8_part421_v2.c
bankb8_part423_v2.c
bankb8_part426_v2.c
bankb8_part428_v2.c
bankb8_part432_v2.c
bankb8_part433_v2.c
bankb8_part436_v2.c
bankb8_part438_v2.c
bankb8_part439_v2.c
bankb8_part43f_v2.c
bankb8_part440_v2.c
bankb8_part442_v2.c
bankb8_part443_v2.c
bankb8_part444_v2.c
bankb8_part445_v2.c
bankb8_part446_v2.c
bankb8_part447_v2.c
bankb8_part448_v2.c
bankb8_part44f_v2.c
bankb8_part456_v2.c
bankb8_part45_v2.c
bankb8_part45a_v2.c
bankb8_part45c_v2.c
bankb8_part45d_v2.c
bankb8_part460_v2.c
bankb8_part461_v2.c
bankb8_part464_v2.c
bankb8_part466_v2.c
bankb8_part468_v2.c
bankb8_part46b_v2.c
bankb8_part46d_v2.c
bankb8_part473_v2.c
bankb8_part475_v2.c
bankb8_part479_v2.c
bankb8_part487_v2.c
bankb8_part48c_v2.c
bankb8_part491_v2.c
bankb8_part492_v2.c
bankb8_part493_v2.c
bankb8_part494_v2.c
bankb8_part495_v2.c
bankb8_part499_v2.c
bankb8_part4a0_v2.c
bankb8_part4a3_v2.c
bankb8_part4a5_v2.c
bankb8_part4b0_v2.c
bankb8_part4b1_v2.c
bankb8_part4b3_v2.c
bankb8_part4bb_v2.c
bankb8_part4bc_v2.c
bankb8_part4c2_v2.c
bankb8_part4c_v2.c
bankb8_part4ce_v2.c
bankb8_part4d1_v2.c
bankb8_part4d2_v2.c
bankb8_part4d4_v2.c
bankb8_part4d5_v2.c
bankb8_part4f_v2.c
bankb8_part522_v2.c
bankb8_part523_v2.c
bankb8_part524_v2.c
bankb8_part526_v2.c
bankb8_part528_v2.c
bankb8_part529_v2.c
bankb8_part52_v2.c
bankb8_part52b_v2.c
bankb8_part52c_v2.c
bankb8_part52e_v2.c
bankb8_part530_v2.c
bankb8_part532_v2.c
bankb8_part533_v2.c
bankb8_part534_v2.c
bankb8_part535_v2.c
bankb8_part537_v2.c
bankb8_part539_v2.c
bankb8_part53a_v2.c
bankb8_part53b_v2.c
bankb8_part53c_v2.c
bankb8_part53f_v2.c
bankb8_part541_v2.c
bankb8_part542_v2.c
bankb8_part543_v2.c
bankb8_part544_v2.c
bankb8_part545_v2.c
bankb8_part546_v2.c
bankb8_part548_v2.c
bankb8_part549_v2.c
bankb8_part54c_v2.c
bankb8_part551_v2.c
bankb8_part552_v2.c
bankb8_part553_v2.c
bankb8_part554_v2.c
bankb8_part555_v2.c
bankb8_part556_v2.c
bankb8_part55_v2.c
bankb8_part55b_v2.c
bankb8_part55c_v2.c
bankb8_part55d_v2.c
bankb8_part55f_v2.c
bankb8_part560_v2.c
bankb8_part561_v2.c
bankb8_part562_v2.c
bankb8_part563_v2.c
bankb8_part565_v2.c
bankb8_part575_v2.c
bankb8_part579_v2.c
bankb8_part57a_v2.c
bankb8_part57d_v2.c
bankb8_part57e_v2.c
bankb8_part586_v2.c
bankb8_part58d_v2.c
bankb8_part591_v2.c
bankb8_part595_v2.c
bankb8_part596_v2.c
bankb8_part597_v2.c
bankb8_part598_v2.c
bankb8_part59a_v2.c
bankb8_part59e_v2.c
bankb8_part5a3_v2.c
bankb8_part5a4_v2.c
bankb8_part5a6_v2.c
bankb8_part5a8_v2.c
bankb8_part5a9_v2.c
bankb8_part5ab_v2.c
bankb8_part5b0_v2.c
bankb8_part5b5_v2.c
bankb8_part5bb_v2.c
bankb8_part5c5_v2.c
bankb8_part5c7_v2.c
bankb8_part5c8_v2.c
bankb8_part5cb_v2.c
bankb8_part5ce_v2.c
bankb8_part5d2_v2.c
bankb8_part5d3_v2.c
bankb8_part5d5_v2.c
bankb8_part5d6_v2.c
bankb8_part5d8_v2.c
bankb8_part5d_v2.c
bankb8_part5da_v2.c
bankb8_part5df_v2.c
bankb8_part5e1_v2.c
bankb8_part5e3_v2.c
bankb8_part5e5_v2.c
bankb8_part5e7_v2.c
bankb8_part5e9_v2.c
bankb8_part5ea_v2.c
bankb8_part5ec_v2.c
bankb8_part5ed_v2.c
bankb8_part5f2_v2.c
bankb8_part5f5_v2.c
bankb8_part5f9_v2.c
bankb8_part5f_v2.c
bankb8_part5ff_v2.c
bankb8_part608_v2.c
bankb8_part60_v2.c
bankb8_part60a_v2.c
bankb8_part60b_v2.c
bankb8_part60c_v2.c
bankb8_part60e_v2.c
bankb8_part60f_v2.c
bankb8_part615_v2.c
bankb8_part617_v2.c
bankb8_part619_v2.c
bankb8_part61b_v2.c
bankb8_part61e_v2.c
bankb8_part61f_v2.c
bankb8_part622_v2.c
bankb8_part624_v2.c
bankb8_part627_v2.c
bankb8_part62b_v2.c
bankb8_part62d_v2.c
bankb8_part62e_v2.c
bankb8_part62f_v2.c
bankb8_part631_v2.c
bankb8_part632_v2.c
bankb8_part633_v2.c
bankb8_part63_v2.c
bankb8_part63a_v2.c
bankb8_part643_v2.c
bankb8_part644_v2.c
bankb8_part646_v2.c
bankb8_part647_v2.c
bankb8_part64_v2.c
bankb8_part64b_v2.c
bankb8_part64d_v2.c
bankb8_part64f_v2.c
bankb8_part652_v2.c
bankb8_part655_v2.c
bankb8_part658_v2.c
bankb8_part65b_v2.c
bankb8_part65e_v2.c
bankb8_part661_v2.c
bankb8_part664_v2.c
bankb8_part667_v2.c
bankb8_part66_v2.c
bankb8_part66a_v2.c
bankb8_part66d_v2.c
bankb8_part66f_v2.c
bankb8_part673_v2.c
bankb8_part674_v2.c
bankb8_part675_v2.c
bankb8_part676_v2.c
bankb8_part677_v2.c
bankb8_part678_v2.c
bankb8_part67b_v2.c
bankb8_part67d_v2.c
bankb8_part682_v2.c
bankb8_part683_v2.c
bankb8_part685_v2.c
bankb8_part687_v2.c
bankb8_part688_v2.c
bankb8_part689_v2.c
bankb8_part68a_v2.c
bankb8_part68b_v2.c
bankb8_part68d_v2.c
bankb8_part68e_v2.c
bankb8_part695_v2.c
bankb8_part696_v2.c
bankb8_part698_v2.c
bankb8_part699_v2.c
bankb8_part69_v2.c
bankb8_part69f_v2.c
bankb8_part6a2_v2.c
bankb8_part6a4_v2.c
bankb8_part6a5_v2.c
bankb8_part6a6_v2.c
bankb8_part6a9_v2.c
bankb8_part6ab_v2.c
bankb8_part6ad_v2.c
bankb8_part6b0_v2.c
bankb8_part6b2_v2.c
bankb8_part6b8_v2.c
bankb8_part6ba_v2.c
bankb8_part6c0_v2.c
bankb8_part6c2_v2.c
bankb8_part6c6_v2.c
bankb8_part6c8_v2.c
bankb8_part6ca_v2.c
bankb8_part6cb_v2.c
bankb8_part6cd_v2.c
bankb8_part6d1_v2.c
bankb8_part6d4_v2.c
bankb8_part6df_v2.c
bankb8_part6e5_v2.c
bankb8_part6e8_v2.c
bankb8_part6e9_v2.c
bankb8_part6ec_v2.c
bankb8_part6f1_v2.c
bankb8_part6f4_v2.c
bankb8_part6fe_v2.c
bankb8_part702_v2.c
bankb8_part70a_v2.c
bankb8_part70b_v2.c
bankb8_part70e_v2.c
bankb8_part717_v2.c
bankb8_part71a_v2.c
bankb8_part71c_v2.c
bankb8_part71d_v2.c
bankb8_part71e_v2.c
bankb8_part71f_v2.c
bankb8_part720_v2.c
bankb8_part722_v2.c
bankb8_part723_v2.c
bankb8_part724_v2.c
bankb8_part727_v2.c
bankb8_part728_v2.c
bankb8_part729_v2.c
bankb8_part72_v2.c
bankb8_part72b_v2.c
bankb8_part72c_v2.c
bankb8_part72e_v2.c
bankb8_part72f_v2.c
bankb8_part733_v2.c
bankb8_part734_v2.c
bankb8_part735_v2.c
bankb8_part739_v2.c
bankb8_part75b_v2.c
bankb8_part75c_v2.c
bankb8_part75d_v2.c
bankb8_part75e_v2.c
bankb8_part761_v2.c
bankb8_part762_v2.c
bankb8_part764_v2.c
bankb8_part766_v2.c
bankb8_part767_v2.c
bankb8_part76a_v2.c
bankb8_part76d_v2.c
bankb8_part76f_v2.c
bankb8_part771_v2.c
bankb8_part772_v2.c
bankb8_part778_v2.c
bankb8_part77d_v2.c
bankb8_part780_v2.c
bankb8_part782_v2.c
bankb8_part784_v2.c
bankb8_part785_v2.c
bankb8_part786_v2.c
bankb8_part78b_v2.c
bankb8_part78c_v2.c
bankb8_part78e_v2.c
bankb8_part78f_v2.c
bankb8_part791_v2.c
bankb8_part794_v2.c
bankb8_part799_v2.c
bankb8_part79a_v2.c
bankb8_part79c_v2.c
bankb8_part79f_v2.c
bankb8_part7a0_v2.c
bankb8_part7a_v2.c
bankb8_part7c_v2.c
bankb8_part86_v2.c
bankb8_part88_v2.c
bankb8_part8d_v2.c
bankb8_part97_v2.c
bankb8_parta0_v2.c
bankb8_parta2_v2.c
bankb8_partad_v2.c
bankb8_partb5_v2.c
bankb8_partb6_v2.c
bankb8_partbd_v2.c
bankb8_partcb_v2.c
bankb8_partd1_v2.c
bankb8_partd7_v2.c
bankb8_partd9_v2.c
bankb8_partda_v2.c
bankb8_partdd_v2.c
bankb8_parte1_v2.c
bankb8_parte3_v2.c
bankb8_parte8_v2.c
bankb8_partf1_v2.c
bankb8_partf2_v2.c
bankb8_partfb_v2.c
bankb9_part200_v2.c
bankb9_part201_v2.c
bankb9_part203_v2.c
bankb9_part206_v2.c
bankb9_part207_v2.c
bankb9_part209_v2.c
bankb9_part20a_v2.c
bankb9_part20b_v2.c
bankb9_part210_v2.c
bankb9_part219_v2.c
bankb9_part21a_v2.c
bankb9_part21c_v2.c
bankb9_part21d_v2.c
bankb9_part21e_v2.c
bankb9_part21f_v2.c
bankb9_part222_v2.c
bankb9_part223_v2.c
bankb9_part224_v2.c
bankb9_part225_v2.c
bankb9_part228_v2.c
bankb9_part22b_v2.c
bankb9_part22c_v2.c
bankb9_part22d_v2.c
bankb9_part22f_v2.c
bankb9_part231_v2.c
bankb9_part233_v2.c
bankb9_part235_v2.c
bankb9_part239_v2.c
bankb9_part23f_v2.c
bankb9_part246_v2.c
bankb9_part24a_v2.c
bankb9_part24e_v2.c
bankb9_part252_v2.c
bankb9_part258_v2.c
bankb9_part259_v2.c
bankb9_part25c_v2.c
bankb9_part25e_v2.c
bankb9_part25f_v2.c
bankb9_part260_v2.c
bankb9_part262_v2.c
bankb9_part267_v2.c
bankb9_part26b_v2.c
bankb9_part26c_v2.c
bankb9_part26e_v2.c
bankb9_part26f_v2.c
bankb9_part283_v2.c
bankb9_part28a_v2.c
bankb9_part28c_v2.c
bankb9_part2b3_v2.c
bankb9_part2b8_v2.c
bankb9_part2c5_v2.c
bankb9_part2cb_v2.c
bankb9_part2d2_v2.c
bankb9_part2f4_v2.c
bankb9_part36d_v2.c
bankb9_part384_v2.c
bankb9_part3c4_v2.c
bankb9_part3d0_v2.c
bankb9_part600_v2.c
bankb9_part601_v2.c
bankb9_part602_v2.c
bankb9_part60e_v2.c
bankb9_part610_v2.c
bankb9_part612_v2.c
bankb9_part614_v2.c
bankb9_part618_v2.c
bankb9_part619_v2.c
bankb9_part61a_v2.c
bankb9_part61d_v2.c
bankb9_part61f_v2.c
bankb9_part620_v2.c
bankb9_part621_v2.c
bankb9_part622_v2.c
bankb9_part623_v2.c
bankb9_part636_v2.c
bankb9_part637_v2.c
bankb9_part638_v2.c
bankb9_part639_v2.c
bankb9_part63b_v2.c
bankb9_part63c_v2.c
bankb9_part63d_v2.c
bankb9_part640_v2.c
bankb9_part646_v2.c
bankb9_part647_v2.c
bankb9_part648_v2.c
bankb9_part649_v2.c
bankb9_part64a_v2.c
bankb9_part64e_v2.c
bankb9_part652_v2.c
bankb9_part654_v2.c
bankb9_part657_v2.c
bankb9_part658_v2.c
bankb9_part659_v2.c
bankb9_part65c_v2.c
bankb9_part65d_v2.c
bankb9_part662_v2.c
bankb9_part663_v2.c
bankb9_part664_v2.c
bankb9_part665_v2.c
bankb9_part668_v2.c
bankb9_part66a_v2.c
bankb9_part66c_v2.c
bankb9_part671_v2.c
bankb9_part677_v2.c
bankb9_part67b_v2.c
bankb9_part67d_v2.c
bankb9_part67e_v2.c
bankb9_part67f_v2.c
bankb9_part681_v2.c
bankb9_part685_v2.c
bankb9_part686_v2.c
bankb9_part688_v2.c
bankb9_part68e_v2.c
bankb9_part691_v2.c
bankb9_part693_v2.c
bankb9_part695_v2.c
bankb9_part696_v2.c
bankb9_part69a_v2.c
bankb9_part69f_v2.c
bankb9_part6a1_v2.c
bankb9_part6a3_v2.c
bankb9_part6a8_v2.c
bankb9_part6aa_v2.c
bankb9_part6ab_v2.c
bankb9_part6b1_v2.c
bankb9_part6b2_v2.c
bankb9_part6b3_v2.c
bankb9_part6b5_v2.c
bankb9_part6b6_v2.c
bankb9_part6b9_v2.c
bankb9_part6bb_v2.c
bankb9_part6bf_v2.c
bankb9_part6c0_v2.c
bankb9_part6c3_v2.c
bankb9_part6c5_v2.c
bankb9_part6c6_v2.c
bankb9_part6c7_v2.c
bankb9_part6cf_v2.c
bankb9_part6d1_v2.c
bankb9_part6d2_v2.c
bankb9_part6d4_v2.c
bankb9_part6d5_v2.c
bankb9_part6d8_v2.c
bankb9_part6db_v2.c
bankb9_part6dc_v2.c
bankb9_part6dd_v2.c
bankb9_part6de_v2.c
bankb9_part6e0_v2.c
bankb9_part6e2_v2.c
bankb9_part6e4_v2.c
bankb9_part6e6_v2.c
bankb9_part6e7_v2.c
bankb9_part6ea_v2.c
bankb9_part713_v2.c
bankb9_part716_v2.c
bankb9_part717_v2.c
bankb9_part718_v2.c
bankb9_part71e_v2.c
bankb9_part722_v2.c
bankb9_part726_v2.c
bankb9_part747_v2.c
bankb9_part74b_v2.c
bankb9_part752_v2.c
bankb9_part753_v2.c
bankb9_part754_v2.c
bankb9_part755_v2.c
bankb9_part756_v2.c
bankb9_part757_v2.c
bankb9_part758_v2.c
bankb9_part759_v2.c
bankb9_part75a_v2.c
bankb9_part75b_v2.c
bankb9_part75c_v2.c
bankb9_part75d_v2.c
bankb9_part75e_v2.c
bankb9_part75f_v2.c
bankb9_part760_v2.c
bankb9_part761_v2.c
bankb9_part765_v2.c
bankb9_part76c_v2.c
bankb9_part78e_v2.c
bankbb_part00_v2.c
bankbb_part01_v2.c
bankbb_part02_v2.c
bankbb_part03_v2.c
bankbb_part04_v2.c
bankbb_part05_v2.c
bankbb_part06_v2.c
bankbb_part07_v2.c
bankbb_part100_v2.c
bankbb_part104_v2.c
bankbb_part106_v2.c
bankbb_part107_v2.c
bankbb_part109_v2.c
bankbb_part10a_v2.c
bankbb_part10b_v2.c
bankbb_part111_v2.c
bankbb_part113_v2.c
bankbb_part114_v2.c
bankbb_part117_v2.c
bankbb_part119_v2.c
bankbb_part11b_v2.c
bankbb_part11c_v2.c
bankbb_part11f_v2.c
bankbb_part12c_v2.c
bankbb_part135_v2.c
bankbb_part136_v2.c
bankbb_part144_v2.c
bankbb_part145_v2.c
bankbb_part148_v2.c
bankbb_part149_v2.c
bankbb_part150_v2.c
bankbb_part152_v2.c
bankbb_part157_v2.c
bankbb_part159_v2.c
bankbb_part15c_v2.c
bankbb_part164_v2.c
bankbb_part172_v2.c
bankbb_part174_v2.c
bankbb_part175_v2.c
bankbb_part178_v2.c
bankbb_part17a_v2.c
bankbb_part193_v2.c
bankbb_part1a8_v2.c
bankbb_part1ad_v2.c
bankbb_part1b4_v2.c
bankbb_part1b7_v2.c
bankbb_part1b8_v2.c
bankbb_part1ba_v2.c
bankbb_part1bb_v2.c
bankbb_part1bc_v2.c
bankbb_part1bd_v2.c
bankbb_part1be_v2.c
bankbb_part1c3_v2.c
bankbb_part1c5_v2.c
bankbb_part1c6_v2.c
bankbb_part1c7_v2.c
bankbb_part1cb_v2.c
bankbb_part1cd_v2.c
bankbb_part1ce_v2.c
bankbb_part1d4_v2.c
bankbb_part1d6_v2.c
bankbb_part1d7_v2.c
bankbb_part1d9_v2.c
bankbb_part1e2_v2.c
bankbb_part1e6_v2.c
bankbb_part1e7_v2.c
bankbb_part1e8_v2.c
bankbb_part1ea_v2.c
bankbb_part1eb_v2.c
bankbb_part1ec_v2.c
bankbb_part1ed_v2.c
bankbb_part1ef_v2.c
bankbb_part1f0_v2.c
bankbb_part1f1_v2.c
bankbb_part1f9_v2.c
bankbb_part20d_v2.c
bankbb_part212_v2.c
bankbb_part213_v2.c
bankbb_part215_v2.c
bankbb_part219_v2.c
bankbb_part22c_v2.c
bankbb_part236_v2.c
bankbb_part23d_v2.c
bankbb_part247_v2.c
bankbb_part252_v2.c
bankbb_part258_v2.c
bankbb_part259_v2.c
bankbb_part260_v2.c
bankbb_part264_v2.c
bankbb_part26b_v2.c
bankbb_part278_v2.c
bankbb_part27e_v2.c
bankbb_part285_v2.c
bankbb_part29a_v2.c
bankbb_part29b_v2.c
bankbb_part29c_v2.c
bankbb_part29d_v2.c
bankbb_part29e_v2.c
bankbb_part29f_v2.c
bankbb_part2a0_v2.c
bankbb_part2a1_v2.c
bankbb_part2a2_v2.c
bankbb_part2a3_v2.c
bankbb_part2a5_v2.c
bankbb_part2ad_v2.c
bankbb_part2b2_v2.c
bankbb_part2b4_v2.c
bankbb_part2b5_v2.c
bankbb_part2bf_v2.c
bankbb_part2d9_v2.c
bankbb_part2e1_v2.c
bankbb_part2f0_v2.c
bankbb_part2f2_v2.c
bankbb_part2f9_v2.c
bankbb_part2fa_v2.c
bankbb_part2fb_v2.c
bankbb_part2fc_v2.c
bankbb_part2ff_v2.c
bankbb_part304_v2.c
bankbb_part306_v2.c
bankbb_part315_v2.c
bankbb_part316_v2.c
bankbb_part321_v2.c
bankbb_part326_v2.c
bankbb_part328_v2.c
bankbb_part32b_v2.c
bankbb_part335_v2.c
bankbb_part337_v2.c
bankbb_part33a_v2.c
bankbb_part33d_v2.c
bankbb_part33f_v2.c
bankbb_part342_v2.c
bankbb_part344_v2.c
bankbb_part351_v2.c
bankbb_part359_v2.c
bankbb_part35c_v2.c
bankbb_part35f_v2.c
bankbb_part361_v2.c
bankbb_part374_v2.c
bankbb_part375_v2.c
bankbb_part388_v2.c
bankbb_part38a_v2.c
bankbb_part39b_v2.c
bankbb_part39e_v2.c
bankbb_part3a8_v2.c
bankbb_part3aa_v2.c
bankbb_part3bf_v2.c
bankbb_part3c7_v2.c
bankbb_part3cb_v2.c
bankbb_part3d0_v2.c
bankbb_part3d3_v2.c
bankbb_part3d7_v2.c
bankbb_part3d8_v2.c
bankbb_part3da_v2.c
bankbb_part3e0_v2.c
bankbb_part3eb_v2.c
bankbb_part3f0_v2.c
bankbb_part3f3_v2.c
bankbb_part3f7_v2.c
bankbb_part3f8_v2.c
bankbb_part3fa_v2.c
bankbb_part3ff_v2.c
bankbb_part480_v2.c
bankbb_part481_v2.c
bankbb_part482_v2.c
bankbb_part484_v2.c
bankbb_part488_v2.c
bankbb_part492_v2.c
bankbb_part493_v2.c
bankbb_part495_v2.c
bankbb_part496_v2.c
bankbb_part498_v2.c
bankbb_part49e_v2.c
bankbb_part4a0_v2.c
bankbb_part4a1_v2.c
bankbb_part4a2_v2.c
bankbb_part4a3_v2.c
bankbb_part4a6_v2.c
bankbb_part4b4_v2.c
bankbb_part4b7_v2.c
bankbb_part4bb_v2.c
bankbb_part4bc_v2.c
bankbb_part4bf_v2.c
bankbb_part4c0_v2.c
bankbb_part4c5_v2.c
bankbb_part4c6_v2.c
bankbb_part4ca_v2.c
bankbb_part4cb_v2.c
bankbb_part4ce_v2.c
bankbb_part4cf_v2.c
bankbb_part4d7_v2.c
bankbb_part4dd_v2.c
bankbb_part4e2_v2.c
bankbb_part4e6_v2.c
bankbb_part4ef_v2.c
bankbb_part4f1_v2.c
bankbb_part4f7_v2.c
bankbb_part4f8_v2.c
bankbb_part4fa_v2.c
bankbb_part4fc_v2.c
bankbb_part4fe_v2.c
bankbb_part501_v2.c
bankbb_part504_v2.c
bankbb_part507_v2.c
bankbb_part508_v2.c
bankbb_part509_v2.c
bankbb_part510_v2.c
bankbb_part511_v2.c
bankbb_part513_v2.c
bankbb_part51a_v2.c
bankbb_part51b_v2.c
bankbb_part51c_v2.c
bankbb_part521_v2.c
bankbb_part523_v2.c
bankbb_part524_v2.c
bankbb_part526_v2.c
bankbb_part529_v2.c
bankbb_part52a_v2.c
bankbb_part52b_v2.c
bankbb_part52c_v2.c
bankbb_part52d_v2.c
bankbb_part52f_v2.c
bankbb_part534_v2.c
bankbb_part535_v2.c
bankbb_part538_v2.c
bankbb_part53b_v2.c
bankbb_part53c_v2.c
bankbb_part53f_v2.c
bankbb_part542_v2.c
bankbb_part551_v2.c
bankbb_part552_v2.c
bankbb_part556_v2.c
bankbb_part557_v2.c
bankbb_part558_v2.c
bankbb_part55b_v2.c
bankbb_part561_v2.c
bankbb_part564_v2.c
bankbb_part568_v2.c
bankbb_part56_v2.c
bankbb_part56a_v2.c
bankbb_part56b_v2.c
bankbb_part56d_v2.c
bankbb_part56e_v2.c
bankbb_part572_v2.c
bankbb_part573_v2.c
bankbb_part575_v2.c
bankbb_part578_v2.c
bankbb_part579_v2.c
bankbb_part57_v2.c
bankbb_part57a_v2.c
bankbb_part57f_v2.c
bankbb_part583_v2.c
bankbb_part584_v2.c
bankbb_part589_v2.c
bankbb_part58_v2.c
bankbb_part58b_v2.c
bankbb_part58c_v2.c
bankbb_part591_v2.c
bankbb_part594_v2.c
bankbb_part597_v2.c
bankbb_part598_v2.c
bankbb_part59_v2.c
bankbb_part59b_v2.c
bankbb_part59e_v2.c
bankbb_part5a3_v2.c
bankbb_part5a8_v2.c
bankbb_part5a_v2.c
bankbb_part5ac_v2.c
bankbb_part5b1_v2.c
bankbb_part5b_v2.c
bankbb_part5ba_v2.c
bankbb_part5bb_v2.c
bankbb_part5bd_v2.c
bankbb_part5bf_v2.c
bankbb_part5c3_v2.c
bankbb_part5c6_v2.c
bankbb_part5c_v2.c
bankbb_part5ca_v2.c
bankbb_part5ce_v2.c
bankbb_part5d2_v2.c
bankbb_part5d5_v2.c
bankbb_part5d6_v2.c
bankbb_part5d8_v2.c
bankbb_part5d9_v2.c
bankbb_part5d_v2.c
bankbb_part5db_v2.c
bankbb_part5df_v2.c
bankbb_part5e2_v2.c
bankbb_part5e4_v2.c
bankbb_part5e6_v2.c
bankbb_part5e7_v2.c
bankbb_part5e_v2.c
bankbb_part5f1_v2.c
bankbb_part5f2_v2.c
bankbb_part5f3_v2.c
bankbb_part5f5_v2.c
bankbb_part5f_v2.c
bankbb_part60_v2.c
bankbb_part61_v2.c
bankbb_part62_v2.c
bankbb_parta3_v2.c
bankbb_parta7_v2.c
bankbb_partab_v2.c
bankbb_partb0_v2.c
bankbb_partb4_v2.c
bankbb_partb9_v2.c
bankbb_partc7_v2.c
bankbb_partd9_v2.c
bankbb_partdc_v2.c
bankbb_partde_v2.c
bankbb_parte3_v2.c
bankbb_parte5_v2.c
bankbb_parte6_v2.c
bankbb_partea_v2.c
bankbb_partef_v2.c
bankbb_partf1_v2.c
bankbb_partf3_v2.c
bankbb_partf6_v2.c
bankbb_partf7_v2.c
bankbb_partf8_v2.c
bankbb_partfa_v2.c
bankbb_partfc_v2.c
bankbb_partfd_v2.c
bankbb_partff_v2.c
bankbc_v2.c
bankbe_part400_v2.c
bankbe_part401_v2.c
bankbe_part402_v2.c
bankbe_part403_v2.c
bankbe_part404_v2.c
bankbe_part405_v2.c
bankbe_part40c_v2.c
bankbe_part412_v2.c
bankbe_part417_v2.c
bankbe_part41b_v2.c
bankbe_part41e_v2.c
bankbe_part423_v2.c
bankbe_part42f_v2.c
bankbe_part431_v2.c
bankbe_part438_v2.c
bankbe_part439_v2.c
bankbe_part43b_v2.c
bankbe_part43d_v2.c
bankbe_part440_v2.c
bankbe_part442_v2.c
bankbe_part444_v2.c
bankbe_part446_v2.c
bankbe_part44b_v2.c
bankbe_part451_v2.c
bankbe_part459_v2.c
bankbe_part45c_v2.c
bankbe_part45d_v2.c
bankbe_part463_v2.c
bankbe_part469_v2.c
bankbe_part471_v2.c
bankbe_part473_v2.c
bankbe_part475_v2.c
bankbe_part477_v2.c
bankbe_part47f_v2.c
bankbe_part487_v2.c
bankbe_part489_v2.c
bankbe_part48b_v2.c
bankbe_part48c_v2.c
bankbe_part48e_v2.c
bankbe_part48f_v2.c
bankbe_part49a_v2.c
bankbe_part49b_v2.c
bankbe_part4a0_v2.c
bankbe_part4a3_v2.c
bankbe_part4a4_v2.c
bankbe_part4a6_v2.c
bankbe_part4b0_v2.c
bankbe_part4b1_v2.c
bankbe_part4b3_v2.c
bankbe_part4b6_v2.c
bankbe_part4b8_v2.c
bankbe_part4b9_v2.c
bankbe_part4ba_v2.c
bankbe_part4bf_v2.c
bankbe_part4c0_v2.c
bankbe_part4c3_v2.c
bankbe_part4c4_v2.c
bankbe_part4c6_v2.c
bankbe_part4c7_v2.c
bankbe_part4ca_v2.c
bankbe_part4cb_v2.c
bankbe_part4ce_v2.c
bankbe_part4d0_v2.c
bankbe_part4d5_v2.c
bankbe_part4da_v2.c
bankbe_part4db_v2.c
bankbe_part4de_v2.c
bankbe_part4e8_v2.c
bankbe_part4ed_v2.c
bankbe_part4ef_v2.c
bankbe_part4f0_v2.c
bankbe_part4f1_v2.c
bankbe_part4f4_v2.c
bankbe_part4f8_v2.c
bankbe_part501_v2.c
bankbe_part509_v2.c
bankbe_part50e_v2.c
bankbe_part50f_v2.c
bankbe_part510_v2.c
bankbe_part512_v2.c
bankbe_part514_v2.c
bankbe_part515_v2.c
bankbe_part517_v2.c
bankbe_part518_v2.c
bankbe_part519_v2.c
bankbe_part51a_v2.c
bankbe_part51c_v2.c
bankbe_part524_v2.c
bankbe_part525_v2.c
bankbe_part527_v2.c
bankbe_part528_v2.c
bankbe_part52b_v2.c
bankbe_part52e_v2.c
bankbe_part52f_v2.c
bankbe_part530_v2.c
bankbe_part532_v2.c
bankbe_part533_v2.c
bankbe_part539_v2.c
bankbe_part53b_v2.c
bankbe_part53d_v2.c
bankbe_part53f_v2.c
bankbe_part540_v2.c
bankbe_part541_v2.c
bankbe_part546_v2.c
bankbe_part549_v2.c
bankbe_part54c_v2.c
bankbe_part555_v2.c
bankbe_part557_v2.c
bankbe_part558_v2.c
bankbe_part55e_v2.c
bankbe_part564_v2.c
bankbe_part568_v2.c
bankbe_part56a_v2.c
bankbe_part56d_v2.c
bankbe_part56e_v2.c
bankbe_part56f_v2.c
bankbe_part570_v2.c
bankbe_part571_v2.c
bankbe_part57d_v2.c
bankbe_part57f_v2.c
bankbe_part581_v2.c
bankbe_part585_v2.c
bankbe_part58e_v2.c
bankbe_part590_v2.c
bankbe_part592_v2.c
bankbe_part599_v2.c
bankbe_part59b_v2.c
bankbe_part59d_v2.c
bankbe_part5a2_v2.c
bankbe_part5a3_v2.c
bankbe_part5a9_v2.c
bankbe_part5ad_v2.c
bankbe_part5af_v2.c
bankbe_part5b1_v2.c
bankbe_part5b3_v2.c
bankbe_part5b5_v2.c
bankbe_part5b7_v2.c
bankbe_part5bb_v2.c
bankbe_part5c0_v2.c
bankbe_part5c1_v2.c
bankbe_part5c2_v2.c
bankbe_part5c3_v2.c
bankbe_part5c8_v2.c
bankbe_part5cb_v2.c
bankbe_part5cd_v2.c
bankbe_part5d0_v2.c
bankbe_part5d3_v2.c
bankbe_part5d6_v2.c
bankbe_part5d7_v2.c
bankbe_part5d9_v2.c
bankbe_part5db_v2.c
bankbe_part5e0_v2.c
bankbe_part5e4_v2.c
bankbe_part5e6_v2.c
bankbe_part5e9_v2.c
bankbe_part5ec_v2.c
bankbe_part5ef_v2.c
bankbe_part5f2_v2.c
bankbe_part5f7_v2.c
bankbe_part5fc_v2.c
bankbe_part600_v2.c
bankbe_part602_v2.c
bankbe_part605_v2.c
bankbe_part608_v2.c
bankbe_part609_v2.c
bankbe_part60b_v2.c
bankbe_part60e_v2.c
bankbe_part60f_v2.c
bankbe_part610_v2.c
bankbe_part614_v2.c
bankbe_part617_v2.c
bankbe_part618_v2.c
bankbe_part619_v2.c
bankbe_part61c_v2.c
bankbe_part620_v2.c
bankbe_part622_v2.c
bankbe_part626_v2.c
bankbe_part62c_v2.c
bankbe_part631_v2.c
bankbe_part63a_v2.c
bankbe_part63c_v2.c
bankbe_part64a_v2.c
bankbe_part64e_v2.c
bankbe_part658_v2.c
bankbe_part659_v2.c
bankbe_part65b_v2.c
bankbe_part660_v2.c
bankbe_part664_v2.c
bankbe_part665_v2.c
bankbe_part667_v2.c
bankbe_part668_v2.c
bankbe_part66f_v2.c
bankbe_part67a_v2.c
bankbe_part67d_v2.c
bankbe_part683_v2.c
bankbe_part684_v2.c
bankbe_part685_v2.c
bankbe_part687_v2.c
bankbe_part689_v2.c
bankbe_part68f_v2.c
bankbf_v2.c
dispatch_v2.c
dkc3_game.c
